../Src/mcalADC.c:57:13:adcVerifyResolution	16	static
../Src/mcalADC.c:66:13:adcVerifyInterruptType	16	static
../Src/mcalADC.c:77:13:adcVerifyChannelNum	16	static
../Src/mcalADC.c:107:13:adcVerifyNumSamplingCycles	16	static
../Src/mcalADC.c:125:13:adcVerifyAnalogWatchdogType	16	static
../Src/mcalADC.c:167:19:adcInitADC	16	static
../Src/mcalADC.c:198:19:adcDeinitADC	16	static
../Src/mcalADC.c:230:19:adcSelectADC	16	static
../Src/mcalADC.c:269:19:adcDeselectADC	16	static
../Src/mcalADC.c:309:19:adcEnableADC	16	static
../Src/mcalADC.c:337:19:adcDisableADC	16	static
../Src/mcalADC.c:365:6:adcIsAdcRunning	16	static
../Src/mcalADC.c:393:10:adcGetConversionResult	16	static
../Src/mcalADC.c:421:19:adcSetResolution	16	static
../Src/mcalADC.c:473:19:adcGetResolution	24	static
../Src/mcalADC.c:523:19:adcEnableInterrupt	16	static
../Src/mcalADC.c:574:19:adcDisableInterrupt	16	static
../Src/mcalADC.c:630:19:adcEnableWatchdogForSingleChannel	16	static
../Src/mcalADC.c:748:19:adcDisableWatchdogForSingleChannel	16	static
../Src/mcalADC.c:879:19:adcSelectAnalogWatchdogType	16	static
../Src/mcalADC.c:949:19:adcSetSampleCycles	16	static
../Src/mcalADC.c:1073:19:adcSetChannelSequence	32	static
../Src/mcalADC.c:1185:6:adcStartConversion	16	static
../Src/mcalADC.c:1215:6:adcIsConversionFinished	16	static
