../Src/mcalRCC.c:101:7:rccSetAPBPrescaler	16	static
../Src/mcalRCC.c:163:10:rccGetSysClock	112	static
../Src/mcalRCC.c:222:10:rccGetHclkFreq	16	static,ignoring_inline_asm
../Src/mcalRCC.c:241:10:rccGetPclk1Freq	16	static,ignoring_inline_asm
../Src/mcalRCC.c:260:10:rccGetPclk2Freq	16	static,ignoring_inline_asm
../Src/mcalRCC.c:295:6:rccEnableHSE	4	static
../Src/mcalRCC.c:338:6:rccEnableHSI	4	static
../Src/mcalRCC.c:374:6:rccEnableMainPLL	4	static
../Src/mcalRCC.c:409:6:rccDisableMainPLL	4	static
../Src/mcalRCC.c:444:6:rccEnableSAIPLL	4	static
../Src/mcalRCC.c:479:6:rccDisableSAIPLL	4	static
../Src/mcalRCC.c:514:6:rccEnableI2SPLL	4	static
../Src/mcalRCC.c:549:6:rccDisableI2SPLL	4	static
../Src/mcalRCC.c:581:6:rccEnableClockSecuritySystem	4	static
../Src/mcalRCC.c:606:6:rccDisableClockSecuritySystem	4	static
../Src/mcalRCC.c:635:6:rccSetHSITrimmingValue	16	static
../Src/mcalRCC.c:665:9:rccGetHSICalibrationValue	16	static
../Src/mcalRCC.c:703:6:rccSelectPLLClockSource	16	static
../Src/mcalRCC.c:743:6:rccSelectSysclkSrc	16	static
../Src/mcalRCC.c:813:6:rccSetSysclkFreq	24	static
../Src/mcalRCC.c:930:6:rccAssignClk2MCO	32	static
../Src/mcalRCC.c:1032:6:rccSetAHBPrescaler	16	static
../Src/mcalRCC.c:1101:6:rccSetAPB1Prescaler	16	static
../Src/mcalRCC.c:1155:6:rccSetAPB2Prescaler	16	static
