../Src/mcalDMAC.c:44:13:dmacVerifyDirection	16	static
../Src/mcalDMAC.c:59:13:dmacVerifyDataFormat	16	static
../Src/mcalDMAC.c:74:13:dmacVerifyIrqType	16	static
../Src/mcalDMAC.c:90:13:dmacVerifyNumData	16	static
../Src/mcalDMAC.c:105:13:dmacVerifyChannelNum	16	static
../Src/mcalDMAC.c:120:13:dmacVerifyPriorityLevel	16	static
../Src/mcalDMAC.c:132:13:dmacVerifyIncrementMode	16	static
../Src/mcalDMAC.c:144:13:dmacVerifyNumBeats	16	static
../Src/mcalDMAC.c:156:13:dmacVerifyDMAFlowController	16	static
../Src/mcalDMAC.c:168:13:dmacVerifyPeripheralOffsetSize	16	static
../Src/mcalDMAC.c:180:13:dmacVerifyCurrentTargetMem	16	static
../Src/mcalDMAC.c:192:13:dmacVerifyFifoThresholdLvl	16	static
../Src/mcalDMAC.c:224:20:dmacInitDMAC	16	static
../Src/mcalDMAC.c:260:20:dmacSelectDMAC	16	static
../Src/mcalDMAC.c:299:20:dmacEnableStream	16	static
../Src/mcalDMAC.c:331:20:dmacDisableStream	16	static
../Src/mcalDMAC.c:402:20:dmacSetStreamAndChannel	24	static
../Src/mcalDMAC.c:482:20:dmacAssignStreamAndChannel	16	static
../Src/mcalDMAC.c:520:20:dmacSetMemoryAddress	24	static
../Src/mcalDMAC.c:556:20:dmacSetPeripheralAddress	16	static
../Src/mcalDMAC.c:585:20:dmacSetDataFlowDirection	16	static
../Src/mcalDMAC.c:620:20:dmacSetNumData	16	static
../Src/mcalDMAC.c:663:20:dmacSetDataFormat	16	static
../Src/mcalDMAC.c:703:20:dmacSetPeripheralDataFormat	16	static
../Src/mcalDMAC.c:741:20:dmacSetMemoryDataFormat	16	static
../Src/mcalDMAC.c:779:6:dmacClearAllStreamIrqFlags	16	static
../Src/mcalDMAC.c:853:6:dmacClearInterruptFlag	24	static
../Src/mcalDMAC.c:1081:20:dmacSetMemoryIncrementMode	16	static
../Src/mcalDMAC.c:1127:20:dmacSetPeripheralIncrementMode	16	static
../Src/mcalDMAC.c:1181:20:dmacSetMemoryBurstBeats	16	static
../Src/mcalDMAC.c:1242:20:dmacSetPeripheralBurstBeats	16	static
../Src/mcalDMAC.c:1299:20:dmacSetPriorityLevel	16	static
../Src/mcalDMAC.c:1351:20:dmacEnableInterrupt	16	static
../Src/mcalDMAC.c:1407:20:dmacEnableInterruptList	32	static
../Src/mcalDMAC.c:1444:20:dmacDisableInterrupt	16	static
../Src/mcalDMAC.c:1500:20:dmacDisableInterruptList	32	static
../Src/mcalDMAC.c:1536:10:dmacGetLowInterruptStatus	16	static
../Src/mcalDMAC.c:1563:10:dmacGetHighInterruptStatus	16	static
../Src/mcalDMAC.c:1591:20:dmacSelectDMAFlowController	16	static
../Src/mcalDMAC.c:1633:20:dmacEnableCircularMode	16	static
../Src/mcalDMAC.c:1661:20:dmacDisableCircularMode	16	static
../Src/mcalDMAC.c:1690:20:dmacConfigPeriphOffsSize	16	static
../Src/mcalDMAC.c:1732:20:dmacEnableDoubleBufferMode	16	static
../Src/mcalDMAC.c:1760:20:dmacDisableDoubleBufferMode	16	static
../Src/mcalDMAC.c:1792:20:dmacSelectMem2MemTarget	16	static
../Src/mcalDMAC.c:1842:20:dmacEnableFifoMode	16	static
../Src/mcalDMAC.c:1877:20:dmacDisableFifoMode	16	static
../Src/mcalDMAC.c:1906:20:dmacSetFifoThreshold	16	static
