mcalTimer.c:30:13:timerVerifyChannels	16	static
mcalTimer.c:68:6:timerBusClkOn	16	static
mcalTimer.c:142:6:timerBusClkOff	16	static
mcalTimer.c:216:6:timerSetPrescaler	16	static
mcalTimer.c:233:6:timerSetAutoReloadValue	16	static
mcalTimer.c:258:6:timerEnableInterrupt	16	static
mcalTimer.c:269:6:timerDisableInterrupt	16	static
mcalTimer.c:280:6:timerEnableDMA	16	static
mcalTimer.c:291:6:timerDisableDMA	16	static
mcalTimer.c:302:6:timerStart	16	static
mcalTimer.c:313:6:timerStop	16	static
mcalTimer.c:326:6:timerSetSamplingClockDivider	16	static
mcalTimer.c:339:6:timerSetAutoReloadMode	16	static
mcalTimer.c:349:6:timerSetPWMEdgeMode	16	static
mcalTimer.c:359:6:timerSetCountDirection	16	static
mcalTimer.c:369:6:timerSetOnePulseMode	16	static
mcalTimer.c:379:6:timerSetUpdtReqSource	16	static
mcalTimer.c:389:6:timerEnableUpdate	16	static
mcalTimer.c:405:6:timerSetCapCompMode	16	static
mcalTimer.c:480:6:timerSelectCapCompOutType	16	static
mcalTimer.c:512:6:timerSetRepetitionCounter	16	static
mcalTimer.c:529:6:timerResetCounter	16	static
mcalTimer.c:537:6:timerSetPreloadValue	24	static
mcalTimer.c:568:10:timerGetPreloadValue	16	static
mcalTimer.c:596:6:timerEnableCapCompMode	16	static
mcalTimer.c:646:6:timerBdtrClearRegister	16	static
mcalTimer.c:660:6:timerBdtrEnableMainOutput	16	static
mcalTimer.c:681:6:timerBdtrEnableBreakInput	16	static
