../Src/mcalUsart.c:50:13:usartVerifyUsart	16	static
../Src/mcalUsart.c:64:13:usartVerifyIrqType	16	static
../Src/mcalUsart.c:78:13:usartVerifyParity	16	static
../Src/mcalUsart.c:90:13:usartVerifyWordlen	16	static
../Src/mcalUsart.c:102:13:usartVerifyNumStopBits	16	static
../Src/mcalUsart.c:115:13:usartVerifyOverSampling	16	static
../Src/mcalUsart.c:127:13:usartVerifyRxEnableMode	16	static
../Src/mcalUsart.c:139:13:usartVerifyTxEnableMode	16	static
../Src/mcalUsart.c:148:13:usartVerifyDmaTxMode	16	static
../Src/mcalUsart.c:157:13:usartVerifyDmaRxMode	16	static
../Src/mcalUsart.c:189:21:usartEnableUsart	16	static
../Src/mcalUsart.c:250:21:usartStartUsart	16	static
../Src/mcalUsart.c:308:21:usartDisableUsart	16	static
../Src/mcalUsart.c:366:21:usartSelectUsart	16	static
../Src/mcalUsart.c:429:21:usartDeselectUsart	16	static
../Src/mcalUsart.c:490:21:usartSetFlowCtrlMode	16	static
../Src/mcalUsart.c:523:21:usartEnableIrq	16	static
../Src/mcalUsart.c:607:21:usartDisableIrq	16	static
../Src/mcalUsart.c:700:21:usartSetBaudrate	32	static
../Src/mcalUsart.c:749:21:usartSetCommParams	24	static
../Src/mcalUsart.c:808:21:usartSetWordlength	16	static
../Src/mcalUsart.c:861:21:usartSetParity	16	static
../Src/mcalUsart.c:917:21:usartSetNumStopBits	16	static
../Src/mcalUsart.c:979:21:usartSetOversampling	16	static
../Src/mcalUsart.c:1024:21:usartEnableReceiver	16	static
../Src/mcalUsart.c:1071:21:usartEnableTransmitter	16	static
../Src/mcalUsart.c:1110:21:usartEnableIrqList	32	static
../Src/mcalUsart.c:1230:21:usartSendByte	16	static
../Src/mcalUsart.c:1269:21:usartSendString	16	static
../Src/mcalUsart.c:1285:6:usartInitBuffer	4	static
../Src/mcalUsart.c:1322:21:usartResetIrqFlag	16	static
../Src/mcalUsart.c:1375:21:usartSetDmaTxMode	16	static
../Src/mcalUsart.c:1418:21:usartSetDmaRxMode	16	static
