../Src/mcalGPIO.c:42:6:gpioVerifyPort	16	static
../Src/mcalGPIO.c:58:6:gpioVerifyPin	16	static
../Src/mcalGPIO.c:75:6:gpioVerifyAltFunc	16	static
../Src/mcalGPIO.c:93:6:gpioVerifyPinMode	16	static
../Src/mcalGPIO.c:108:6:gpioVerifyOutputType	16	static
../Src/mcalGPIO.c:123:6:gpioVerifyPushPullMode	16	static
../Src/mcalGPIO.c:137:6:gpioVerifyOutputSpeed	16	static
../Src/mcalGPIO.c:177:20:gpioInitPort	16	static
../Src/mcalGPIO.c:244:20:gpioSelectPort	16	static
../Src/mcalGPIO.c:310:20:gpioDeselectPort	16	static
../Src/mcalGPIO.c:380:20:gpioSelectPinMode	16	static
../Src/mcalGPIO.c:435:20:gpioSetPin	16	static
../Src/mcalGPIO.c:474:20:gpioResetPin	16	static
../Src/mcalGPIO.c:515:20:gpioTogglePin	16	static
../Src/mcalGPIO.c:569:20:gpioSelectAltFunc	16	static
../Src/mcalGPIO.c:613:20:gpioSetLowerByte	16	static
../Src/mcalGPIO.c:631:20:gpioSetUpperByte	16	static
../Src/mcalGPIO.c:649:20:gpioSetWord	16	static
../Src/mcalGPIO.c:682:20:gpioSetOutputType	16	static
../Src/mcalGPIO.c:733:20:gpioSelectPushPullMode	16	static
../Src/mcalGPIO.c:790:20:gpioSetOutputSpeed	16	static
../Src/mcalGPIO.c:854:6:gpioGetPinState	16	static
../Src/mcalGPIO.c:889:10:gpioGetPortVal	16	static
