../Src/mcalUsart.c:29:6:usartEnableUsart	16	static
../Src/mcalUsart.c:63:6:usartStartUsart	16	static
../Src/mcalUsart.c:91:6:usartDisableUsart	16	static
../Src/mcalUsart.c:124:6:usartSelectUsart	16	static
../Src/mcalUsart.c:162:6:usartDeselectUsart	16	static
../Src/mcalUsart.c:196:6:usartSetFlowCtrlMode	16	static
../Src/mcalUsart.c:207:6:usartEnableIrq	16	static
../Src/mcalUsart.c:258:6:usartDisableIrq	16	static
../Src/mcalUsart.c:310:6:usartSetBaudrate	32	static
../Src/mcalUsart.c:334:6:usartBusClk	16	static
../Src/mcalUsart.c:347:6:usartSetCommParams	24	static
../Src/mcalUsart.c:369:6:usartSetWordlength	16	static
../Src/mcalUsart.c:387:6:usartSetParity	16	static
../Src/mcalUsart.c:414:6:usartSetNumStopBits	16	static
../Src/mcalUsart.c:447:6:usartSetOversampling	16	static
../Src/mcalUsart.c:463:6:usartEnableReceiver	16	static
../Src/mcalUsart.c:481:6:usartEnableTransmitter	16	static
../Src/mcalUsart.c:499:6:usartEnableIrqList	24	static
../Src/mcalUsart.c:614:6:usartSendString	16	static
../Src/mcalUsart.c:624:6:usartInitBuffer	4	static
../Src/mcalUsart.c:636:6:usartResetIrqFlag	16	static
../Src/mcalUsart.c:661:6:usartSetDmaTxMode	16	static
../Src/mcalUsart.c:676:6:usartSetDmaRxMode	16	static
