Archive member included to satisfy reference by file (symbol)

D:\Projekte\tellur\01_Software_ECU\CMSIS\Debug\libCMSIS.a(system_stm32f4xx.o)
                              ./Src/main.o (SystemCoreClock)
D:\Projekte\tellur\01_Software_ECU\MCAL\Debug\libMCAL.a(mcalGPIO.o)
                              ./Src/main.o (gpioInitPort)
d:/programme/stm32cubeide_1.6.1/stm32cubeide/plugins/com.st.stm32cube.ide.mcu.externaltools.gnu-tools-for-stm32.9-2020-q2-update.win32_2.0.0.202105311346/tools/bin/../lib/gcc/arm-none-eabi/9.3.1/../../../../arm-none-eabi/lib/thumb/v7e-m/nofp\libc_nano.a(lib_a-errno.o)
                              ./Src/syscalls.o (__errno)
d:/programme/stm32cubeide_1.6.1/stm32cubeide/plugins/com.st.stm32cube.ide.mcu.externaltools.gnu-tools-for-stm32.9-2020-q2-update.win32_2.0.0.202105311346/tools/bin/../lib/gcc/arm-none-eabi/9.3.1/../../../../arm-none-eabi/lib/thumb/v7e-m/nofp\libc_nano.a(lib_a-exit.o)
                              d:/programme/stm32cubeide_1.6.1/stm32cubeide/plugins/com.st.stm32cube.ide.mcu.externaltools.gnu-tools-for-stm32.9-2020-q2-update.win32_2.0.0.202105311346/tools/bin/../lib/gcc/arm-none-eabi/9.3.1/../../../../arm-none-eabi/lib/thumb/v7e-m/nofp/crt0.o (exit)
d:/programme/stm32cubeide_1.6.1/stm32cubeide/plugins/com.st.stm32cube.ide.mcu.externaltools.gnu-tools-for-stm32.9-2020-q2-update.win32_2.0.0.202105311346/tools/bin/../lib/gcc/arm-none-eabi/9.3.1/../../../../arm-none-eabi/lib/thumb/v7e-m/nofp\libc_nano.a(lib_a-impure.o)
                              d:/programme/stm32cubeide_1.6.1/stm32cubeide/plugins/com.st.stm32cube.ide.mcu.externaltools.gnu-tools-for-stm32.9-2020-q2-update.win32_2.0.0.202105311346/tools/bin/../lib/gcc/arm-none-eabi/9.3.1/../../../../arm-none-eabi/lib/thumb/v7e-m/nofp\libc_nano.a(lib_a-exit.o) (_global_impure_ptr)
d:/programme/stm32cubeide_1.6.1/stm32cubeide/plugins/com.st.stm32cube.ide.mcu.externaltools.gnu-tools-for-stm32.9-2020-q2-update.win32_2.0.0.202105311346/tools/bin/../lib/gcc/arm-none-eabi/9.3.1/../../../../arm-none-eabi/lib/thumb/v7e-m/nofp\libc_nano.a(lib_a-init.o)
                              d:/programme/stm32cubeide_1.6.1/stm32cubeide/plugins/com.st.stm32cube.ide.mcu.externaltools.gnu-tools-for-stm32.9-2020-q2-update.win32_2.0.0.202105311346/tools/bin/../lib/gcc/arm-none-eabi/9.3.1/../../../../arm-none-eabi/lib/thumb/v7e-m/nofp/crt0.o (__libc_init_array)
d:/programme/stm32cubeide_1.6.1/stm32cubeide/plugins/com.st.stm32cube.ide.mcu.externaltools.gnu-tools-for-stm32.9-2020-q2-update.win32_2.0.0.202105311346/tools/bin/../lib/gcc/arm-none-eabi/9.3.1/../../../../arm-none-eabi/lib/thumb/v7e-m/nofp\libc_nano.a(lib_a-memset.o)
                              d:/programme/stm32cubeide_1.6.1/stm32cubeide/plugins/com.st.stm32cube.ide.mcu.externaltools.gnu-tools-for-stm32.9-2020-q2-update.win32_2.0.0.202105311346/tools/bin/../lib/gcc/arm-none-eabi/9.3.1/../../../../arm-none-eabi/lib/thumb/v7e-m/nofp/crt0.o (memset)

Discarded input sections

 .text          0x0000000000000000        0x0 d:/programme/stm32cubeide_1.6.1/stm32cubeide/plugins/com.st.stm32cube.ide.mcu.externaltools.gnu-tools-for-stm32.9-2020-q2-update.win32_2.0.0.202105311346/tools/bin/../lib/gcc/arm-none-eabi/9.3.1/thumb/v7e-m/nofp/crti.o
 .data          0x0000000000000000        0x0 d:/programme/stm32cubeide_1.6.1/stm32cubeide/plugins/com.st.stm32cube.ide.mcu.externaltools.gnu-tools-for-stm32.9-2020-q2-update.win32_2.0.0.202105311346/tools/bin/../lib/gcc/arm-none-eabi/9.3.1/thumb/v7e-m/nofp/crti.o
 .bss           0x0000000000000000        0x0 d:/programme/stm32cubeide_1.6.1/stm32cubeide/plugins/com.st.stm32cube.ide.mcu.externaltools.gnu-tools-for-stm32.9-2020-q2-update.win32_2.0.0.202105311346/tools/bin/../lib/gcc/arm-none-eabi/9.3.1/thumb/v7e-m/nofp/crti.o
 .data          0x0000000000000000        0x4 d:/programme/stm32cubeide_1.6.1/stm32cubeide/plugins/com.st.stm32cube.ide.mcu.externaltools.gnu-tools-for-stm32.9-2020-q2-update.win32_2.0.0.202105311346/tools/bin/../lib/gcc/arm-none-eabi/9.3.1/thumb/v7e-m/nofp/crtbegin.o
 .text          0x0000000000000000       0x7c d:/programme/stm32cubeide_1.6.1/stm32cubeide/plugins/com.st.stm32cube.ide.mcu.externaltools.gnu-tools-for-stm32.9-2020-q2-update.win32_2.0.0.202105311346/tools/bin/../lib/gcc/arm-none-eabi/9.3.1/../../../../arm-none-eabi/lib/thumb/v7e-m/nofp/crt0.o
 .data          0x0000000000000000        0x0 d:/programme/stm32cubeide_1.6.1/stm32cubeide/plugins/com.st.stm32cube.ide.mcu.externaltools.gnu-tools-for-stm32.9-2020-q2-update.win32_2.0.0.202105311346/tools/bin/../lib/gcc/arm-none-eabi/9.3.1/../../../../arm-none-eabi/lib/thumb/v7e-m/nofp/crt0.o
 .bss           0x0000000000000000        0x0 d:/programme/stm32cubeide_1.6.1/stm32cubeide/plugins/com.st.stm32cube.ide.mcu.externaltools.gnu-tools-for-stm32.9-2020-q2-update.win32_2.0.0.202105311346/tools/bin/../lib/gcc/arm-none-eabi/9.3.1/../../../../arm-none-eabi/lib/thumb/v7e-m/nofp/crt0.o
 .ARM.extab     0x0000000000000000        0x0 d:/programme/stm32cubeide_1.6.1/stm32cubeide/plugins/com.st.stm32cube.ide.mcu.externaltools.gnu-tools-for-stm32.9-2020-q2-update.win32_2.0.0.202105311346/tools/bin/../lib/gcc/arm-none-eabi/9.3.1/../../../../arm-none-eabi/lib/thumb/v7e-m/nofp/crt0.o
 .ARM.exidx     0x0000000000000000       0x10 d:/programme/stm32cubeide_1.6.1/stm32cubeide/plugins/com.st.stm32cube.ide.mcu.externaltools.gnu-tools-for-stm32.9-2020-q2-update.win32_2.0.0.202105311346/tools/bin/../lib/gcc/arm-none-eabi/9.3.1/../../../../arm-none-eabi/lib/thumb/v7e-m/nofp/crt0.o
 .ARM.attributes
                0x0000000000000000       0x1c d:/programme/stm32cubeide_1.6.1/stm32cubeide/plugins/com.st.stm32cube.ide.mcu.externaltools.gnu-tools-for-stm32.9-2020-q2-update.win32_2.0.0.202105311346/tools/bin/../lib/gcc/arm-none-eabi/9.3.1/../../../../arm-none-eabi/lib/thumb/v7e-m/nofp/crt0.o
 .group         0x0000000000000000        0xc ./Src/main.o
 .group         0x0000000000000000        0xc ./Src/main.o
 .group         0x0000000000000000        0xc ./Src/main.o
 .group         0x0000000000000000        0xc ./Src/main.o
 .group         0x0000000000000000        0xc ./Src/main.o
 .group         0x0000000000000000        0xc ./Src/main.o
 .group         0x0000000000000000        0xc ./Src/main.o
 .group         0x0000000000000000        0xc ./Src/main.o
 .group         0x0000000000000000        0xc ./Src/main.o
 .group         0x0000000000000000        0xc ./Src/main.o
 .group         0x0000000000000000        0xc ./Src/main.o
 .group         0x0000000000000000        0xc ./Src/main.o
 .group         0x0000000000000000        0xc ./Src/main.o
 .group         0x0000000000000000        0xc ./Src/main.o
 .group         0x0000000000000000        0xc ./Src/main.o
 .group         0x0000000000000000        0xc ./Src/main.o
 .group         0x0000000000000000        0xc ./Src/main.o
 .text          0x0000000000000000        0x0 ./Src/main.o
 .data          0x0000000000000000        0x0 ./Src/main.o
 .bss           0x0000000000000000        0x0 ./Src/main.o
 .bss.timerTrigger
                0x0000000000000000        0x1 ./Src/main.o
 .group         0x0000000000000000        0xc ./Src/syscalls.o
 .group         0x0000000000000000        0xc ./Src/syscalls.o
 .group         0x0000000000000000        0xc ./Src/syscalls.o
 .group         0x0000000000000000        0xc ./Src/syscalls.o
 .group         0x0000000000000000        0xc ./Src/syscalls.o
 .group         0x0000000000000000        0xc ./Src/syscalls.o
 .group         0x0000000000000000        0xc ./Src/syscalls.o
 .group         0x0000000000000000        0xc ./Src/syscalls.o
 .group         0x0000000000000000        0xc ./Src/syscalls.o
 .group         0x0000000000000000        0xc ./Src/syscalls.o
 .group         0x0000000000000000        0xc ./Src/syscalls.o
 .group         0x0000000000000000        0xc ./Src/syscalls.o
 .group         0x0000000000000000        0xc ./Src/syscalls.o
 .group         0x0000000000000000        0xc ./Src/syscalls.o
 .group         0x0000000000000000        0xc ./Src/syscalls.o
 .group         0x0000000000000000        0xc ./Src/syscalls.o
 .group         0x0000000000000000        0xc ./Src/syscalls.o
 .group         0x0000000000000000        0xc ./Src/syscalls.o
 .group         0x0000000000000000        0xc ./Src/syscalls.o
 .group         0x0000000000000000        0xc ./Src/syscalls.o
 .group         0x0000000000000000        0xc ./Src/syscalls.o
 .group         0x0000000000000000        0xc ./Src/syscalls.o
 .group         0x0000000000000000        0xc ./Src/syscalls.o
 .group         0x0000000000000000        0xc ./Src/syscalls.o
 .group         0x0000000000000000        0xc ./Src/syscalls.o
 .group         0x0000000000000000        0xc ./Src/syscalls.o
 .group         0x0000000000000000        0xc ./Src/syscalls.o
 .group         0x0000000000000000        0xc ./Src/syscalls.o
 .group         0x0000000000000000        0xc ./Src/syscalls.o
 .group         0x0000000000000000        0xc ./Src/syscalls.o
 .group         0x0000000000000000        0xc ./Src/syscalls.o
 .group         0x0000000000000000        0xc ./Src/syscalls.o
 .group         0x0000000000000000        0xc ./Src/syscalls.o
 .group         0x0000000000000000        0xc ./Src/syscalls.o
 .group         0x0000000000000000        0xc ./Src/syscalls.o
 .group         0x0000000000000000        0xc ./Src/syscalls.o
 .group         0x0000000000000000        0xc ./Src/syscalls.o
 .group         0x0000000000000000        0xc ./Src/syscalls.o
 .group         0x0000000000000000        0xc ./Src/syscalls.o
 .group         0x0000000000000000        0xc ./Src/syscalls.o
 .group         0x0000000000000000        0xc ./Src/syscalls.o
 .group         0x0000000000000000        0xc ./Src/syscalls.o
 .group         0x0000000000000000        0xc ./Src/syscalls.o
 .group         0x0000000000000000        0xc ./Src/syscalls.o
 .group         0x0000000000000000        0xc ./Src/syscalls.o
 .group         0x0000000000000000        0xc ./Src/syscalls.o
 .group         0x0000000000000000        0xc ./Src/syscalls.o
 .text          0x0000000000000000        0x0 ./Src/syscalls.o
 .data          0x0000000000000000        0x0 ./Src/syscalls.o
 .bss           0x0000000000000000        0x0 ./Src/syscalls.o
 .bss.__env     0x0000000000000000        0x4 ./Src/syscalls.o
 .data.environ  0x0000000000000000        0x4 ./Src/syscalls.o
 .text.initialise_monitor_handles
                0x0000000000000000        0xc ./Src/syscalls.o
 .text._getpid  0x0000000000000000        0xe ./Src/syscalls.o
 .text._kill    0x0000000000000000       0x20 ./Src/syscalls.o
 .text._exit    0x0000000000000000       0x14 ./Src/syscalls.o
 .text._read    0x0000000000000000       0x3a ./Src/syscalls.o
 .text._write   0x0000000000000000       0x38 ./Src/syscalls.o
 .text._close   0x0000000000000000       0x16 ./Src/syscalls.o
 .text._fstat   0x0000000000000000       0x1e ./Src/syscalls.o
 .text._isatty  0x0000000000000000       0x14 ./Src/syscalls.o
 .text._lseek   0x0000000000000000       0x18 ./Src/syscalls.o
 .text._open    0x0000000000000000       0x1a ./Src/syscalls.o
 .text._wait    0x0000000000000000       0x1e ./Src/syscalls.o
 .text._unlink  0x0000000000000000       0x1e ./Src/syscalls.o
 .text._times   0x0000000000000000       0x16 ./Src/syscalls.o
 .text._stat    0x0000000000000000       0x1e ./Src/syscalls.o
 .text._link    0x0000000000000000       0x20 ./Src/syscalls.o
 .text._fork    0x0000000000000000       0x16 ./Src/syscalls.o
 .text._execve  0x0000000000000000       0x22 ./Src/syscalls.o
 .debug_info    0x0000000000000000      0xfa8 ./Src/syscalls.o
 .debug_abbrev  0x0000000000000000      0x286 ./Src/syscalls.o
 .debug_aranges
                0x0000000000000000       0xa8 ./Src/syscalls.o
 .debug_ranges  0x0000000000000000       0x98 ./Src/syscalls.o
 .debug_macro   0x0000000000000000      0x24c ./Src/syscalls.o
 .debug_macro   0x0000000000000000      0xaa2 ./Src/syscalls.o
 .debug_macro   0x0000000000000000       0x22 ./Src/syscalls.o
 .debug_macro   0x0000000000000000       0x4c ./Src/syscalls.o
 .debug_macro   0x0000000000000000       0x18 ./Src/syscalls.o
 .debug_macro   0x0000000000000000       0x94 ./Src/syscalls.o
 .debug_macro   0x0000000000000000       0x3c ./Src/syscalls.o
 .debug_macro   0x0000000000000000       0x34 ./Src/syscalls.o
 .debug_macro   0x0000000000000000       0x57 ./Src/syscalls.o
 .debug_macro   0x0000000000000000      0x174 ./Src/syscalls.o
 .debug_macro   0x0000000000000000      0x339 ./Src/syscalls.o
 .debug_macro   0x0000000000000000       0x16 ./Src/syscalls.o
 .debug_macro   0x0000000000000000       0x43 ./Src/syscalls.o
 .debug_macro   0x0000000000000000       0x34 ./Src/syscalls.o
 .debug_macro   0x0000000000000000       0x10 ./Src/syscalls.o
 .debug_macro   0x0000000000000000       0x58 ./Src/syscalls.o
 .debug_macro   0x0000000000000000       0x71 ./Src/syscalls.o
 .debug_macro   0x0000000000000000       0x1c ./Src/syscalls.o
 .debug_macro   0x0000000000000000      0x12a ./Src/syscalls.o
 .debug_macro   0x0000000000000000       0x10 ./Src/syscalls.o
 .debug_macro   0x0000000000000000       0x35 ./Src/syscalls.o
 .debug_macro   0x0000000000000000       0x10 ./Src/syscalls.o
 .debug_macro   0x0000000000000000       0x10 ./Src/syscalls.o
 .debug_macro   0x0000000000000000       0x10 ./Src/syscalls.o
 .debug_macro   0x0000000000000000       0x6a ./Src/syscalls.o
 .debug_macro   0x0000000000000000       0x1c ./Src/syscalls.o
 .debug_macro   0x0000000000000000       0x52 ./Src/syscalls.o
 .debug_macro   0x0000000000000000       0x22 ./Src/syscalls.o
 .debug_macro   0x0000000000000000       0x10 ./Src/syscalls.o
 .debug_macro   0x0000000000000000       0x40 ./Src/syscalls.o
 .debug_macro   0x0000000000000000       0xd5 ./Src/syscalls.o
 .debug_macro   0x0000000000000000       0x1c ./Src/syscalls.o
 .debug_macro   0x0000000000000000       0x3d ./Src/syscalls.o
 .debug_macro   0x0000000000000000       0x35 ./Src/syscalls.o
 .debug_macro   0x0000000000000000      0x12c ./Src/syscalls.o
 .debug_macro   0x0000000000000000       0x16 ./Src/syscalls.o
 .debug_macro   0x0000000000000000       0x16 ./Src/syscalls.o
 .debug_macro   0x0000000000000000       0x29 ./Src/syscalls.o
 .debug_macro   0x0000000000000000       0x10 ./Src/syscalls.o
 .debug_macro   0x0000000000000000      0x241 ./Src/syscalls.o
 .debug_macro   0x0000000000000000       0x1c ./Src/syscalls.o
 .debug_macro   0x0000000000000000       0x10 ./Src/syscalls.o
 .debug_macro   0x0000000000000000       0x10 ./Src/syscalls.o
 .debug_macro   0x0000000000000000       0x16 ./Src/syscalls.o
 .debug_macro   0x0000000000000000      0x145 ./Src/syscalls.o
 .debug_macro   0x0000000000000000      0x189 ./Src/syscalls.o
 .debug_macro   0x0000000000000000       0x16 ./Src/syscalls.o
 .debug_macro   0x0000000000000000       0xce ./Src/syscalls.o
 .debug_line    0x0000000000000000      0x820 ./Src/syscalls.o
 .debug_str     0x0000000000000000     0x8e85 ./Src/syscalls.o
 .comment       0x0000000000000000       0x54 ./Src/syscalls.o
 .debug_frame   0x0000000000000000      0x2ac ./Src/syscalls.o
 .ARM.attributes
                0x0000000000000000       0x2e ./Src/syscalls.o
 .group         0x0000000000000000        0xc ./Src/sysmem.o
 .group         0x0000000000000000        0xc ./Src/sysmem.o
 .group         0x0000000000000000        0xc ./Src/sysmem.o
 .group         0x0000000000000000        0xc ./Src/sysmem.o
 .group         0x0000000000000000        0xc ./Src/sysmem.o
 .group         0x0000000000000000        0xc ./Src/sysmem.o
 .group         0x0000000000000000        0xc ./Src/sysmem.o
 .group         0x0000000000000000        0xc ./Src/sysmem.o
 .group         0x0000000000000000        0xc ./Src/sysmem.o
 .group         0x0000000000000000        0xc ./Src/sysmem.o
 .group         0x0000000000000000        0xc ./Src/sysmem.o
 .group         0x0000000000000000        0xc ./Src/sysmem.o
 .group         0x0000000000000000        0xc ./Src/sysmem.o
 .group         0x0000000000000000        0xc ./Src/sysmem.o
 .group         0x0000000000000000        0xc ./Src/sysmem.o
 .group         0x0000000000000000        0xc ./Src/sysmem.o
 .group         0x0000000000000000        0xc ./Src/sysmem.o
 .group         0x0000000000000000        0xc ./Src/sysmem.o
 .group         0x0000000000000000        0xc ./Src/sysmem.o
 .group         0x0000000000000000        0xc ./Src/sysmem.o
 .group         0x0000000000000000        0xc ./Src/sysmem.o
 .group         0x0000000000000000        0xc ./Src/sysmem.o
 .text          0x0000000000000000        0x0 ./Src/sysmem.o
 .data          0x0000000000000000        0x0 ./Src/sysmem.o
 .bss           0x0000000000000000        0x0 ./Src/sysmem.o
 .bss.__sbrk_heap_end
                0x0000000000000000        0x4 ./Src/sysmem.o
 .text._sbrk    0x0000000000000000       0x6c ./Src/sysmem.o
 .debug_info    0x0000000000000000      0xa25 ./Src/sysmem.o
 .debug_abbrev  0x0000000000000000      0x1bf ./Src/sysmem.o
 .debug_aranges
                0x0000000000000000       0x20 ./Src/sysmem.o
 .debug_ranges  0x0000000000000000       0x10 ./Src/sysmem.o
 .debug_macro   0x0000000000000000       0xff ./Src/sysmem.o
 .debug_macro   0x0000000000000000      0xaa2 ./Src/sysmem.o
 .debug_macro   0x0000000000000000       0x10 ./Src/sysmem.o
 .debug_macro   0x0000000000000000       0x22 ./Src/sysmem.o
 .debug_macro   0x0000000000000000       0x4c ./Src/sysmem.o
 .debug_macro   0x0000000000000000       0x18 ./Src/sysmem.o
 .debug_macro   0x0000000000000000       0x94 ./Src/sysmem.o
 .debug_macro   0x0000000000000000       0x3c ./Src/sysmem.o
 .debug_macro   0x0000000000000000       0x34 ./Src/sysmem.o
 .debug_macro   0x0000000000000000      0x174 ./Src/sysmem.o
 .debug_macro   0x0000000000000000       0x16 ./Src/sysmem.o
 .debug_macro   0x0000000000000000       0x43 ./Src/sysmem.o
 .debug_macro   0x0000000000000000       0x57 ./Src/sysmem.o
 .debug_macro   0x0000000000000000       0x34 ./Src/sysmem.o
 .debug_macro   0x0000000000000000       0x10 ./Src/sysmem.o
 .debug_macro   0x0000000000000000       0x58 ./Src/sysmem.o
 .debug_macro   0x0000000000000000       0x71 ./Src/sysmem.o
 .debug_macro   0x0000000000000000       0x1c ./Src/sysmem.o
 .debug_macro   0x0000000000000000      0x12a ./Src/sysmem.o
 .debug_macro   0x0000000000000000      0x23b ./Src/sysmem.o
 .debug_macro   0x0000000000000000      0x103 ./Src/sysmem.o
 .debug_macro   0x0000000000000000       0x6a ./Src/sysmem.o
 .debug_macro   0x0000000000000000      0x1df ./Src/sysmem.o
 .debug_line    0x0000000000000000      0x516 ./Src/sysmem.o
 .debug_str     0x0000000000000000     0x6258 ./Src/sysmem.o
 .comment       0x0000000000000000       0x54 ./Src/sysmem.o
 .debug_frame   0x0000000000000000       0x34 ./Src/sysmem.o
 .ARM.attributes
                0x0000000000000000       0x2e ./Src/sysmem.o
 .text          0x0000000000000000       0x14 ./Startup/startup_stm32f446retx.o
 .data          0x0000000000000000        0x0 ./Startup/startup_stm32f446retx.o
 .bss           0x0000000000000000        0x0 ./Startup/startup_stm32f446retx.o
 .group         0x0000000000000000        0xc D:\Projekte\tellur\01_Software_ECU\CMSIS\Debug\libCMSIS.a(system_stm32f4xx.o)
 .group         0x0000000000000000        0xc D:\Projekte\tellur\01_Software_ECU\CMSIS\Debug\libCMSIS.a(system_stm32f4xx.o)
 .group         0x0000000000000000        0xc D:\Projekte\tellur\01_Software_ECU\CMSIS\Debug\libCMSIS.a(system_stm32f4xx.o)
 .group         0x0000000000000000        0xc D:\Projekte\tellur\01_Software_ECU\CMSIS\Debug\libCMSIS.a(system_stm32f4xx.o)
 .group         0x0000000000000000        0xc D:\Projekte\tellur\01_Software_ECU\CMSIS\Debug\libCMSIS.a(system_stm32f4xx.o)
 .group         0x0000000000000000        0xc D:\Projekte\tellur\01_Software_ECU\CMSIS\Debug\libCMSIS.a(system_stm32f4xx.o)
 .group         0x0000000000000000        0xc D:\Projekte\tellur\01_Software_ECU\CMSIS\Debug\libCMSIS.a(system_stm32f4xx.o)
 .group         0x0000000000000000        0xc D:\Projekte\tellur\01_Software_ECU\CMSIS\Debug\libCMSIS.a(system_stm32f4xx.o)
 .group         0x0000000000000000        0xc D:\Projekte\tellur\01_Software_ECU\CMSIS\Debug\libCMSIS.a(system_stm32f4xx.o)
 .group         0x0000000000000000        0xc D:\Projekte\tellur\01_Software_ECU\CMSIS\Debug\libCMSIS.a(system_stm32f4xx.o)
 .group         0x0000000000000000        0xc D:\Projekte\tellur\01_Software_ECU\CMSIS\Debug\libCMSIS.a(system_stm32f4xx.o)
 .group         0x0000000000000000        0xc D:\Projekte\tellur\01_Software_ECU\CMSIS\Debug\libCMSIS.a(system_stm32f4xx.o)
 .group         0x0000000000000000        0xc D:\Projekte\tellur\01_Software_ECU\CMSIS\Debug\libCMSIS.a(system_stm32f4xx.o)
 .group         0x0000000000000000        0xc D:\Projekte\tellur\01_Software_ECU\CMSIS\Debug\libCMSIS.a(system_stm32f4xx.o)
 .group         0x0000000000000000        0xc D:\Projekte\tellur\01_Software_ECU\CMSIS\Debug\libCMSIS.a(system_stm32f4xx.o)
 .group         0x0000000000000000        0xc D:\Projekte\tellur\01_Software_ECU\CMSIS\Debug\libCMSIS.a(system_stm32f4xx.o)
 .text          0x0000000000000000        0x0 D:\Projekte\tellur\01_Software_ECU\CMSIS\Debug\libCMSIS.a(system_stm32f4xx.o)
 .data          0x0000000000000000        0x0 D:\Projekte\tellur\01_Software_ECU\CMSIS\Debug\libCMSIS.a(system_stm32f4xx.o)
 .bss           0x0000000000000000        0x0 D:\Projekte\tellur\01_Software_ECU\CMSIS\Debug\libCMSIS.a(system_stm32f4xx.o)
 .rodata.APBPrescTable
                0x0000000000000000        0x8 D:\Projekte\tellur\01_Software_ECU\CMSIS\Debug\libCMSIS.a(system_stm32f4xx.o)
 .debug_macro   0x0000000000000000       0x28 D:\Projekte\tellur\01_Software_ECU\CMSIS\Debug\libCMSIS.a(system_stm32f4xx.o)
 .debug_macro   0x0000000000000000       0x22 D:\Projekte\tellur\01_Software_ECU\CMSIS\Debug\libCMSIS.a(system_stm32f4xx.o)
 .debug_macro   0x0000000000000000       0x8e D:\Projekte\tellur\01_Software_ECU\CMSIS\Debug\libCMSIS.a(system_stm32f4xx.o)
 .debug_macro   0x0000000000000000       0x51 D:\Projekte\tellur\01_Software_ECU\CMSIS\Debug\libCMSIS.a(system_stm32f4xx.o)
 .debug_macro   0x0000000000000000      0x103 D:\Projekte\tellur\01_Software_ECU\CMSIS\Debug\libCMSIS.a(system_stm32f4xx.o)
 .debug_macro   0x0000000000000000       0x6a D:\Projekte\tellur\01_Software_ECU\CMSIS\Debug\libCMSIS.a(system_stm32f4xx.o)
 .debug_macro   0x0000000000000000      0x1df D:\Projekte\tellur\01_Software_ECU\CMSIS\Debug\libCMSIS.a(system_stm32f4xx.o)
 .debug_macro   0x0000000000000000       0x1c D:\Projekte\tellur\01_Software_ECU\CMSIS\Debug\libCMSIS.a(system_stm32f4xx.o)
 .debug_macro   0x0000000000000000       0x22 D:\Projekte\tellur\01_Software_ECU\CMSIS\Debug\libCMSIS.a(system_stm32f4xx.o)
 .debug_macro   0x0000000000000000       0xdf D:\Projekte\tellur\01_Software_ECU\CMSIS\Debug\libCMSIS.a(system_stm32f4xx.o)
 .debug_macro   0x0000000000000000     0x102d D:\Projekte\tellur\01_Software_ECU\CMSIS\Debug\libCMSIS.a(system_stm32f4xx.o)
 .debug_macro   0x0000000000000000      0x11f D:\Projekte\tellur\01_Software_ECU\CMSIS\Debug\libCMSIS.a(system_stm32f4xx.o)
 .debug_macro   0x0000000000000000    0x16749 D:\Projekte\tellur\01_Software_ECU\CMSIS\Debug\libCMSIS.a(system_stm32f4xx.o)
 .debug_macro   0x0000000000000000       0x6d D:\Projekte\tellur\01_Software_ECU\CMSIS\Debug\libCMSIS.a(system_stm32f4xx.o)
 .group         0x0000000000000000        0xc D:\Projekte\tellur\01_Software_ECU\MCAL\Debug\libMCAL.a(mcalGPIO.o)
 .group         0x0000000000000000        0xc D:\Projekte\tellur\01_Software_ECU\MCAL\Debug\libMCAL.a(mcalGPIO.o)
 .group         0x0000000000000000        0xc D:\Projekte\tellur\01_Software_ECU\MCAL\Debug\libMCAL.a(mcalGPIO.o)
 .group         0x0000000000000000        0xc D:\Projekte\tellur\01_Software_ECU\MCAL\Debug\libMCAL.a(mcalGPIO.o)
 .group         0x0000000000000000        0xc D:\Projekte\tellur\01_Software_ECU\MCAL\Debug\libMCAL.a(mcalGPIO.o)
 .group         0x0000000000000000        0xc D:\Projekte\tellur\01_Software_ECU\MCAL\Debug\libMCAL.a(mcalGPIO.o)
 .group         0x0000000000000000        0xc D:\Projekte\tellur\01_Software_ECU\MCAL\Debug\libMCAL.a(mcalGPIO.o)
 .group         0x0000000000000000        0xc D:\Projekte\tellur\01_Software_ECU\MCAL\Debug\libMCAL.a(mcalGPIO.o)
 .group         0x0000000000000000        0xc D:\Projekte\tellur\01_Software_ECU\MCAL\Debug\libMCAL.a(mcalGPIO.o)
 .group         0x0000000000000000        0xc D:\Projekte\tellur\01_Software_ECU\MCAL\Debug\libMCAL.a(mcalGPIO.o)
 .group         0x0000000000000000        0xc D:\Projekte\tellur\01_Software_ECU\MCAL\Debug\libMCAL.a(mcalGPIO.o)
 .group         0x0000000000000000        0xc D:\Projekte\tellur\01_Software_ECU\MCAL\Debug\libMCAL.a(mcalGPIO.o)
 .group         0x0000000000000000        0xc D:\Projekte\tellur\01_Software_ECU\MCAL\Debug\libMCAL.a(mcalGPIO.o)
 .group         0x0000000000000000        0xc D:\Projekte\tellur\01_Software_ECU\MCAL\Debug\libMCAL.a(mcalGPIO.o)
 .group         0x0000000000000000        0xc D:\Projekte\tellur\01_Software_ECU\MCAL\Debug\libMCAL.a(mcalGPIO.o)
 .group         0x0000000000000000        0xc D:\Projekte\tellur\01_Software_ECU\MCAL\Debug\libMCAL.a(mcalGPIO.o)
 .group         0x0000000000000000        0xc D:\Projekte\tellur\01_Software_ECU\MCAL\Debug\libMCAL.a(mcalGPIO.o)
 .text          0x0000000000000000        0x0 D:\Projekte\tellur\01_Software_ECU\MCAL\Debug\libMCAL.a(mcalGPIO.o)
 .data          0x0000000000000000        0x0 D:\Projekte\tellur\01_Software_ECU\MCAL\Debug\libMCAL.a(mcalGPIO.o)
 .bss           0x0000000000000000        0x0 D:\Projekte\tellur\01_Software_ECU\MCAL\Debug\libMCAL.a(mcalGPIO.o)
 .text.gpioSelectAltFunc
                0x0000000000000000       0x84 D:\Projekte\tellur\01_Software_ECU\MCAL\Debug\libMCAL.a(mcalGPIO.o)
 .text.gpioSetOutputSpeed
                0x0000000000000000       0x76 D:\Projekte\tellur\01_Software_ECU\MCAL\Debug\libMCAL.a(mcalGPIO.o)
 .text.gpioGetPortVal
                0x0000000000000000       0x18 D:\Projekte\tellur\01_Software_ECU\MCAL\Debug\libMCAL.a(mcalGPIO.o)
 .debug_macro   0x0000000000000000      0xaa2 D:\Projekte\tellur\01_Software_ECU\MCAL\Debug\libMCAL.a(mcalGPIO.o)
 .debug_macro   0x0000000000000000       0x2e D:\Projekte\tellur\01_Software_ECU\MCAL\Debug\libMCAL.a(mcalGPIO.o)
 .debug_macro   0x0000000000000000       0x28 D:\Projekte\tellur\01_Software_ECU\MCAL\Debug\libMCAL.a(mcalGPIO.o)
 .debug_macro   0x0000000000000000       0x22 D:\Projekte\tellur\01_Software_ECU\MCAL\Debug\libMCAL.a(mcalGPIO.o)
 .debug_macro   0x0000000000000000       0x8e D:\Projekte\tellur\01_Software_ECU\MCAL\Debug\libMCAL.a(mcalGPIO.o)
 .debug_macro   0x0000000000000000       0x51 D:\Projekte\tellur\01_Software_ECU\MCAL\Debug\libMCAL.a(mcalGPIO.o)
 .debug_macro   0x0000000000000000      0x103 D:\Projekte\tellur\01_Software_ECU\MCAL\Debug\libMCAL.a(mcalGPIO.o)
 .debug_macro   0x0000000000000000       0x6a D:\Projekte\tellur\01_Software_ECU\MCAL\Debug\libMCAL.a(mcalGPIO.o)
 .debug_macro   0x0000000000000000      0x1df D:\Projekte\tellur\01_Software_ECU\MCAL\Debug\libMCAL.a(mcalGPIO.o)
 .debug_macro   0x0000000000000000       0x1c D:\Projekte\tellur\01_Software_ECU\MCAL\Debug\libMCAL.a(mcalGPIO.o)
 .debug_macro   0x0000000000000000       0x22 D:\Projekte\tellur\01_Software_ECU\MCAL\Debug\libMCAL.a(mcalGPIO.o)
 .debug_macro   0x0000000000000000       0xdf D:\Projekte\tellur\01_Software_ECU\MCAL\Debug\libMCAL.a(mcalGPIO.o)
 .debug_macro   0x0000000000000000     0x102d D:\Projekte\tellur\01_Software_ECU\MCAL\Debug\libMCAL.a(mcalGPIO.o)
 .debug_macro   0x0000000000000000      0x11f D:\Projekte\tellur\01_Software_ECU\MCAL\Debug\libMCAL.a(mcalGPIO.o)
 .debug_macro   0x0000000000000000    0x16749 D:\Projekte\tellur\01_Software_ECU\MCAL\Debug\libMCAL.a(mcalGPIO.o)
 .debug_macro   0x0000000000000000       0x6d D:\Projekte\tellur\01_Software_ECU\MCAL\Debug\libMCAL.a(mcalGPIO.o)
 .debug_macro   0x0000000000000000       0x22 D:\Projekte\tellur\01_Software_ECU\MCAL\Debug\libMCAL.a(mcalGPIO.o)
 .text          0x0000000000000000        0x0 d:/programme/stm32cubeide_1.6.1/stm32cubeide/plugins/com.st.stm32cube.ide.mcu.externaltools.gnu-tools-for-stm32.9-2020-q2-update.win32_2.0.0.202105311346/tools/bin/../lib/gcc/arm-none-eabi/9.3.1/../../../../arm-none-eabi/lib/thumb/v7e-m/nofp\libc_nano.a(lib_a-errno.o)
 .data          0x0000000000000000        0x0 d:/programme/stm32cubeide_1.6.1/stm32cubeide/plugins/com.st.stm32cube.ide.mcu.externaltools.gnu-tools-for-stm32.9-2020-q2-update.win32_2.0.0.202105311346/tools/bin/../lib/gcc/arm-none-eabi/9.3.1/../../../../arm-none-eabi/lib/thumb/v7e-m/nofp\libc_nano.a(lib_a-errno.o)
 .bss           0x0000000000000000        0x0 d:/programme/stm32cubeide_1.6.1/stm32cubeide/plugins/com.st.stm32cube.ide.mcu.externaltools.gnu-tools-for-stm32.9-2020-q2-update.win32_2.0.0.202105311346/tools/bin/../lib/gcc/arm-none-eabi/9.3.1/../../../../arm-none-eabi/lib/thumb/v7e-m/nofp\libc_nano.a(lib_a-errno.o)
 .text.__errno  0x0000000000000000        0xc d:/programme/stm32cubeide_1.6.1/stm32cubeide/plugins/com.st.stm32cube.ide.mcu.externaltools.gnu-tools-for-stm32.9-2020-q2-update.win32_2.0.0.202105311346/tools/bin/../lib/gcc/arm-none-eabi/9.3.1/../../../../arm-none-eabi/lib/thumb/v7e-m/nofp\libc_nano.a(lib_a-errno.o)
 .debug_frame   0x0000000000000000       0x20 d:/programme/stm32cubeide_1.6.1/stm32cubeide/plugins/com.st.stm32cube.ide.mcu.externaltools.gnu-tools-for-stm32.9-2020-q2-update.win32_2.0.0.202105311346/tools/bin/../lib/gcc/arm-none-eabi/9.3.1/../../../../arm-none-eabi/lib/thumb/v7e-m/nofp\libc_nano.a(lib_a-errno.o)
 .ARM.attributes
                0x0000000000000000       0x2e d:/programme/stm32cubeide_1.6.1/stm32cubeide/plugins/com.st.stm32cube.ide.mcu.externaltools.gnu-tools-for-stm32.9-2020-q2-update.win32_2.0.0.202105311346/tools/bin/../lib/gcc/arm-none-eabi/9.3.1/../../../../arm-none-eabi/lib/thumb/v7e-m/nofp\libc_nano.a(lib_a-errno.o)
 .text          0x0000000000000000        0x0 d:/programme/stm32cubeide_1.6.1/stm32cubeide/plugins/com.st.stm32cube.ide.mcu.externaltools.gnu-tools-for-stm32.9-2020-q2-update.win32_2.0.0.202105311346/tools/bin/../lib/gcc/arm-none-eabi/9.3.1/../../../../arm-none-eabi/lib/thumb/v7e-m/nofp\libc_nano.a(lib_a-exit.o)
 .data          0x0000000000000000        0x0 d:/programme/stm32cubeide_1.6.1/stm32cubeide/plugins/com.st.stm32cube.ide.mcu.externaltools.gnu-tools-for-stm32.9-2020-q2-update.win32_2.0.0.202105311346/tools/bin/../lib/gcc/arm-none-eabi/9.3.1/../../../../arm-none-eabi/lib/thumb/v7e-m/nofp\libc_nano.a(lib_a-exit.o)
 .bss           0x0000000000000000        0x0 d:/programme/stm32cubeide_1.6.1/stm32cubeide/plugins/com.st.stm32cube.ide.mcu.externaltools.gnu-tools-for-stm32.9-2020-q2-update.win32_2.0.0.202105311346/tools/bin/../lib/gcc/arm-none-eabi/9.3.1/../../../../arm-none-eabi/lib/thumb/v7e-m/nofp\libc_nano.a(lib_a-exit.o)
 .text.exit     0x0000000000000000       0x28 d:/programme/stm32cubeide_1.6.1/stm32cubeide/plugins/com.st.stm32cube.ide.mcu.externaltools.gnu-tools-for-stm32.9-2020-q2-update.win32_2.0.0.202105311346/tools/bin/../lib/gcc/arm-none-eabi/9.3.1/../../../../arm-none-eabi/lib/thumb/v7e-m/nofp\libc_nano.a(lib_a-exit.o)
 .debug_frame   0x0000000000000000       0x28 d:/programme/stm32cubeide_1.6.1/stm32cubeide/plugins/com.st.stm32cube.ide.mcu.externaltools.gnu-tools-for-stm32.9-2020-q2-update.win32_2.0.0.202105311346/tools/bin/../lib/gcc/arm-none-eabi/9.3.1/../../../../arm-none-eabi/lib/thumb/v7e-m/nofp\libc_nano.a(lib_a-exit.o)
 .ARM.attributes
                0x0000000000000000       0x2e d:/programme/stm32cubeide_1.6.1/stm32cubeide/plugins/com.st.stm32cube.ide.mcu.externaltools.gnu-tools-for-stm32.9-2020-q2-update.win32_2.0.0.202105311346/tools/bin/../lib/gcc/arm-none-eabi/9.3.1/../../../../arm-none-eabi/lib/thumb/v7e-m/nofp\libc_nano.a(lib_a-exit.o)
 .text          0x0000000000000000        0x0 d:/programme/stm32cubeide_1.6.1/stm32cubeide/plugins/com.st.stm32cube.ide.mcu.externaltools.gnu-tools-for-stm32.9-2020-q2-update.win32_2.0.0.202105311346/tools/bin/../lib/gcc/arm-none-eabi/9.3.1/../../../../arm-none-eabi/lib/thumb/v7e-m/nofp\libc_nano.a(lib_a-impure.o)
 .data          0x0000000000000000        0x0 d:/programme/stm32cubeide_1.6.1/stm32cubeide/plugins/com.st.stm32cube.ide.mcu.externaltools.gnu-tools-for-stm32.9-2020-q2-update.win32_2.0.0.202105311346/tools/bin/../lib/gcc/arm-none-eabi/9.3.1/../../../../arm-none-eabi/lib/thumb/v7e-m/nofp\libc_nano.a(lib_a-impure.o)
 .bss           0x0000000000000000        0x0 d:/programme/stm32cubeide_1.6.1/stm32cubeide/plugins/com.st.stm32cube.ide.mcu.externaltools.gnu-tools-for-stm32.9-2020-q2-update.win32_2.0.0.202105311346/tools/bin/../lib/gcc/arm-none-eabi/9.3.1/../../../../arm-none-eabi/lib/thumb/v7e-m/nofp\libc_nano.a(lib_a-impure.o)
 .data._impure_ptr
                0x0000000000000000        0x4 d:/programme/stm32cubeide_1.6.1/stm32cubeide/plugins/com.st.stm32cube.ide.mcu.externaltools.gnu-tools-for-stm32.9-2020-q2-update.win32_2.0.0.202105311346/tools/bin/../lib/gcc/arm-none-eabi/9.3.1/../../../../arm-none-eabi/lib/thumb/v7e-m/nofp\libc_nano.a(lib_a-impure.o)
 .data.impure_data
                0x0000000000000000       0x60 d:/programme/stm32cubeide_1.6.1/stm32cubeide/plugins/com.st.stm32cube.ide.mcu.externaltools.gnu-tools-for-stm32.9-2020-q2-update.win32_2.0.0.202105311346/tools/bin/../lib/gcc/arm-none-eabi/9.3.1/../../../../arm-none-eabi/lib/thumb/v7e-m/nofp\libc_nano.a(lib_a-impure.o)
 .rodata._global_impure_ptr
                0x0000000000000000        0x4 d:/programme/stm32cubeide_1.6.1/stm32cubeide/plugins/com.st.stm32cube.ide.mcu.externaltools.gnu-tools-for-stm32.9-2020-q2-update.win32_2.0.0.202105311346/tools/bin/../lib/gcc/arm-none-eabi/9.3.1/../../../../arm-none-eabi/lib/thumb/v7e-m/nofp\libc_nano.a(lib_a-impure.o)
 .ARM.attributes
                0x0000000000000000       0x2e d:/programme/stm32cubeide_1.6.1/stm32cubeide/plugins/com.st.stm32cube.ide.mcu.externaltools.gnu-tools-for-stm32.9-2020-q2-update.win32_2.0.0.202105311346/tools/bin/../lib/gcc/arm-none-eabi/9.3.1/../../../../arm-none-eabi/lib/thumb/v7e-m/nofp\libc_nano.a(lib_a-impure.o)
 .text          0x0000000000000000        0x0 d:/programme/stm32cubeide_1.6.1/stm32cubeide/plugins/com.st.stm32cube.ide.mcu.externaltools.gnu-tools-for-stm32.9-2020-q2-update.win32_2.0.0.202105311346/tools/bin/../lib/gcc/arm-none-eabi/9.3.1/../../../../arm-none-eabi/lib/thumb/v7e-m/nofp\libc_nano.a(lib_a-init.o)
 .data          0x0000000000000000        0x0 d:/programme/stm32cubeide_1.6.1/stm32cubeide/plugins/com.st.stm32cube.ide.mcu.externaltools.gnu-tools-for-stm32.9-2020-q2-update.win32_2.0.0.202105311346/tools/bin/../lib/gcc/arm-none-eabi/9.3.1/../../../../arm-none-eabi/lib/thumb/v7e-m/nofp\libc_nano.a(lib_a-init.o)
 .bss           0x0000000000000000        0x0 d:/programme/stm32cubeide_1.6.1/stm32cubeide/plugins/com.st.stm32cube.ide.mcu.externaltools.gnu-tools-for-stm32.9-2020-q2-update.win32_2.0.0.202105311346/tools/bin/../lib/gcc/arm-none-eabi/9.3.1/../../../../arm-none-eabi/lib/thumb/v7e-m/nofp\libc_nano.a(lib_a-init.o)
 .text          0x0000000000000000        0x0 d:/programme/stm32cubeide_1.6.1/stm32cubeide/plugins/com.st.stm32cube.ide.mcu.externaltools.gnu-tools-for-stm32.9-2020-q2-update.win32_2.0.0.202105311346/tools/bin/../lib/gcc/arm-none-eabi/9.3.1/../../../../arm-none-eabi/lib/thumb/v7e-m/nofp\libc_nano.a(lib_a-memset.o)
 .data          0x0000000000000000        0x0 d:/programme/stm32cubeide_1.6.1/stm32cubeide/plugins/com.st.stm32cube.ide.mcu.externaltools.gnu-tools-for-stm32.9-2020-q2-update.win32_2.0.0.202105311346/tools/bin/../lib/gcc/arm-none-eabi/9.3.1/../../../../arm-none-eabi/lib/thumb/v7e-m/nofp\libc_nano.a(lib_a-memset.o)
 .bss           0x0000000000000000        0x0 d:/programme/stm32cubeide_1.6.1/stm32cubeide/plugins/com.st.stm32cube.ide.mcu.externaltools.gnu-tools-for-stm32.9-2020-q2-update.win32_2.0.0.202105311346/tools/bin/../lib/gcc/arm-none-eabi/9.3.1/../../../../arm-none-eabi/lib/thumb/v7e-m/nofp\libc_nano.a(lib_a-memset.o)
 .text.memset   0x0000000000000000       0x10 d:/programme/stm32cubeide_1.6.1/stm32cubeide/plugins/com.st.stm32cube.ide.mcu.externaltools.gnu-tools-for-stm32.9-2020-q2-update.win32_2.0.0.202105311346/tools/bin/../lib/gcc/arm-none-eabi/9.3.1/../../../../arm-none-eabi/lib/thumb/v7e-m/nofp\libc_nano.a(lib_a-memset.o)
 .debug_frame   0x0000000000000000       0x20 d:/programme/stm32cubeide_1.6.1/stm32cubeide/plugins/com.st.stm32cube.ide.mcu.externaltools.gnu-tools-for-stm32.9-2020-q2-update.win32_2.0.0.202105311346/tools/bin/../lib/gcc/arm-none-eabi/9.3.1/../../../../arm-none-eabi/lib/thumb/v7e-m/nofp\libc_nano.a(lib_a-memset.o)
 .ARM.attributes
                0x0000000000000000       0x2e d:/programme/stm32cubeide_1.6.1/stm32cubeide/plugins/com.st.stm32cube.ide.mcu.externaltools.gnu-tools-for-stm32.9-2020-q2-update.win32_2.0.0.202105311346/tools/bin/../lib/gcc/arm-none-eabi/9.3.1/../../../../arm-none-eabi/lib/thumb/v7e-m/nofp\libc_nano.a(lib_a-memset.o)
 .text          0x0000000000000000        0x0 d:/programme/stm32cubeide_1.6.1/stm32cubeide/plugins/com.st.stm32cube.ide.mcu.externaltools.gnu-tools-for-stm32.9-2020-q2-update.win32_2.0.0.202105311346/tools/bin/../lib/gcc/arm-none-eabi/9.3.1/thumb/v7e-m/nofp/crtend.o
 .data          0x0000000000000000        0x0 d:/programme/stm32cubeide_1.6.1/stm32cubeide/plugins/com.st.stm32cube.ide.mcu.externaltools.gnu-tools-for-stm32.9-2020-q2-update.win32_2.0.0.202105311346/tools/bin/../lib/gcc/arm-none-eabi/9.3.1/thumb/v7e-m/nofp/crtend.o
 .bss           0x0000000000000000        0x0 d:/programme/stm32cubeide_1.6.1/stm32cubeide/plugins/com.st.stm32cube.ide.mcu.externaltools.gnu-tools-for-stm32.9-2020-q2-update.win32_2.0.0.202105311346/tools/bin/../lib/gcc/arm-none-eabi/9.3.1/thumb/v7e-m/nofp/crtend.o
 .eh_frame      0x0000000000000000        0x4 d:/programme/stm32cubeide_1.6.1/stm32cubeide/plugins/com.st.stm32cube.ide.mcu.externaltools.gnu-tools-for-stm32.9-2020-q2-update.win32_2.0.0.202105311346/tools/bin/../lib/gcc/arm-none-eabi/9.3.1/thumb/v7e-m/nofp/crtend.o
 .ARM.attributes
                0x0000000000000000       0x2e d:/programme/stm32cubeide_1.6.1/stm32cubeide/plugins/com.st.stm32cube.ide.mcu.externaltools.gnu-tools-for-stm32.9-2020-q2-update.win32_2.0.0.202105311346/tools/bin/../lib/gcc/arm-none-eabi/9.3.1/thumb/v7e-m/nofp/crtend.o
 .text          0x0000000000000000        0x0 d:/programme/stm32cubeide_1.6.1/stm32cubeide/plugins/com.st.stm32cube.ide.mcu.externaltools.gnu-tools-for-stm32.9-2020-q2-update.win32_2.0.0.202105311346/tools/bin/../lib/gcc/arm-none-eabi/9.3.1/thumb/v7e-m/nofp/crtn.o
 .data          0x0000000000000000        0x0 d:/programme/stm32cubeide_1.6.1/stm32cubeide/plugins/com.st.stm32cube.ide.mcu.externaltools.gnu-tools-for-stm32.9-2020-q2-update.win32_2.0.0.202105311346/tools/bin/../lib/gcc/arm-none-eabi/9.3.1/thumb/v7e-m/nofp/crtn.o
 .bss           0x0000000000000000        0x0 d:/programme/stm32cubeide_1.6.1/stm32cubeide/plugins/com.st.stm32cube.ide.mcu.externaltools.gnu-tools-for-stm32.9-2020-q2-update.win32_2.0.0.202105311346/tools/bin/../lib/gcc/arm-none-eabi/9.3.1/thumb/v7e-m/nofp/crtn.o

Memory Configuration

Name             Origin             Length             Attributes
RAM              0x0000000020000000 0x0000000000020000 xrw
FLASH            0x0000000008000000 0x0000000000080000 xr
*default*        0x0000000000000000 0xffffffffffffffff

Linker script and memory map

LOAD d:/programme/stm32cubeide_1.6.1/stm32cubeide/plugins/com.st.stm32cube.ide.mcu.externaltools.gnu-tools-for-stm32.9-2020-q2-update.win32_2.0.0.202105311346/tools/bin/../lib/gcc/arm-none-eabi/9.3.1/thumb/v7e-m/nofp/crti.o
LOAD d:/programme/stm32cubeide_1.6.1/stm32cubeide/plugins/com.st.stm32cube.ide.mcu.externaltools.gnu-tools-for-stm32.9-2020-q2-update.win32_2.0.0.202105311346/tools/bin/../lib/gcc/arm-none-eabi/9.3.1/thumb/v7e-m/nofp/crtbegin.o
LOAD d:/programme/stm32cubeide_1.6.1/stm32cubeide/plugins/com.st.stm32cube.ide.mcu.externaltools.gnu-tools-for-stm32.9-2020-q2-update.win32_2.0.0.202105311346/tools/bin/../lib/gcc/arm-none-eabi/9.3.1/../../../../arm-none-eabi/lib/thumb/v7e-m/nofp/crt0.o
LOAD ./Src/main.o
LOAD ./Src/syscalls.o
LOAD ./Src/sysmem.o
LOAD ./Startup/startup_stm32f446retx.o
LOAD D:\Projekte\tellur\01_Software_ECU\CMSIS\Debug\libCMSIS.a
LOAD D:\Projekte\tellur\01_Software_ECU\MCAL\Debug\libMCAL.a
START GROUP
LOAD d:/programme/stm32cubeide_1.6.1/stm32cubeide/plugins/com.st.stm32cube.ide.mcu.externaltools.gnu-tools-for-stm32.9-2020-q2-update.win32_2.0.0.202105311346/tools/bin/../lib/gcc/arm-none-eabi/9.3.1/../../../../arm-none-eabi/lib/thumb/v7e-m/nofp\libc_nano.a
LOAD d:/programme/stm32cubeide_1.6.1/stm32cubeide/plugins/com.st.stm32cube.ide.mcu.externaltools.gnu-tools-for-stm32.9-2020-q2-update.win32_2.0.0.202105311346/tools/bin/../lib/gcc/arm-none-eabi/9.3.1/../../../../arm-none-eabi/lib/thumb/v7e-m/nofp\libm.a
END GROUP
START GROUP
LOAD d:/programme/stm32cubeide_1.6.1/stm32cubeide/plugins/com.st.stm32cube.ide.mcu.externaltools.gnu-tools-for-stm32.9-2020-q2-update.win32_2.0.0.202105311346/tools/bin/../lib/gcc/arm-none-eabi/9.3.1/thumb/v7e-m/nofp\libgcc.a
LOAD d:/programme/stm32cubeide_1.6.1/stm32cubeide/plugins/com.st.stm32cube.ide.mcu.externaltools.gnu-tools-for-stm32.9-2020-q2-update.win32_2.0.0.202105311346/tools/bin/../lib/gcc/arm-none-eabi/9.3.1/../../../../arm-none-eabi/lib/thumb/v7e-m/nofp\libc_nano.a
END GROUP
START GROUP
LOAD d:/programme/stm32cubeide_1.6.1/stm32cubeide/plugins/com.st.stm32cube.ide.mcu.externaltools.gnu-tools-for-stm32.9-2020-q2-update.win32_2.0.0.202105311346/tools/bin/../lib/gcc/arm-none-eabi/9.3.1/thumb/v7e-m/nofp\libgcc.a
LOAD d:/programme/stm32cubeide_1.6.1/stm32cubeide/plugins/com.st.stm32cube.ide.mcu.externaltools.gnu-tools-for-stm32.9-2020-q2-update.win32_2.0.0.202105311346/tools/bin/../lib/gcc/arm-none-eabi/9.3.1/../../../../arm-none-eabi/lib/thumb/v7e-m/nofp\libc_nano.a
LOAD d:/programme/stm32cubeide_1.6.1/stm32cubeide/plugins/com.st.stm32cube.ide.mcu.externaltools.gnu-tools-for-stm32.9-2020-q2-update.win32_2.0.0.202105311346/tools/bin/../lib/gcc/arm-none-eabi/9.3.1/../../../../arm-none-eabi/lib/thumb/v7e-m/nofp\libnosys.a
END GROUP
START GROUP
LOAD d:/programme/stm32cubeide_1.6.1/stm32cubeide/plugins/com.st.stm32cube.ide.mcu.externaltools.gnu-tools-for-stm32.9-2020-q2-update.win32_2.0.0.202105311346/tools/bin/../lib/gcc/arm-none-eabi/9.3.1/thumb/v7e-m/nofp\libgcc.a
LOAD d:/programme/stm32cubeide_1.6.1/stm32cubeide/plugins/com.st.stm32cube.ide.mcu.externaltools.gnu-tools-for-stm32.9-2020-q2-update.win32_2.0.0.202105311346/tools/bin/../lib/gcc/arm-none-eabi/9.3.1/../../../../arm-none-eabi/lib/thumb/v7e-m/nofp\libc_nano.a
LOAD d:/programme/stm32cubeide_1.6.1/stm32cubeide/plugins/com.st.stm32cube.ide.mcu.externaltools.gnu-tools-for-stm32.9-2020-q2-update.win32_2.0.0.202105311346/tools/bin/../lib/gcc/arm-none-eabi/9.3.1/../../../../arm-none-eabi/lib/thumb/v7e-m/nofp\libnosys.a
END GROUP
LOAD d:/programme/stm32cubeide_1.6.1/stm32cubeide/plugins/com.st.stm32cube.ide.mcu.externaltools.gnu-tools-for-stm32.9-2020-q2-update.win32_2.0.0.202105311346/tools/bin/../lib/gcc/arm-none-eabi/9.3.1/thumb/v7e-m/nofp/crtend.o
LOAD d:/programme/stm32cubeide_1.6.1/stm32cubeide/plugins/com.st.stm32cube.ide.mcu.externaltools.gnu-tools-for-stm32.9-2020-q2-update.win32_2.0.0.202105311346/tools/bin/../lib/gcc/arm-none-eabi/9.3.1/thumb/v7e-m/nofp/crtn.o
                0x0000000020020000                _estack = (ORIGIN (RAM) + LENGTH (RAM))
                0x0000000000000200                _Min_Heap_Size = 0x200
                0x0000000000000400                _Min_Stack_Size = 0x400

.isr_vector     0x0000000008000000      0x1c4
                0x0000000008000000                . = ALIGN (0x4)
 *(.isr_vector)
 .isr_vector    0x0000000008000000      0x1c4 ./Startup/startup_stm32f446retx.o
                0x0000000008000000                g_pfnVectors
                0x00000000080001c4                . = ALIGN (0x4)

.text           0x00000000080001c4      0x6d0
                0x00000000080001c4                . = ALIGN (0x4)
 *(.text)
 .text          0x00000000080001c4       0x40 d:/programme/stm32cubeide_1.6.1/stm32cubeide/plugins/com.st.stm32cube.ide.mcu.externaltools.gnu-tools-for-stm32.9-2020-q2-update.win32_2.0.0.202105311346/tools/bin/../lib/gcc/arm-none-eabi/9.3.1/thumb/v7e-m/nofp/crtbegin.o
 *(.text*)
 .text.__NVIC_SetPriority
                0x0000000008000204       0x54 ./Src/main.o
 .text.SysTick_Config
                0x0000000008000258       0x44 ./Src/main.o
 .text.main     0x000000000800029c      0x108 ./Src/main.o
                0x000000000800029c                main
 .text.SysTick_Handler
                0x00000000080003a4       0x34 ./Src/main.o
                0x00000000080003a4                SysTick_Handler
 .text.getUptime
                0x00000000080003d8       0x14 ./Src/main.o
                0x00000000080003d8                getUptime
 .text.UPDATETimers
                0x00000000080003ec       0x40 ./Src/main.o
                0x00000000080003ec                UPDATETimers
 .text.Reset_Handler
                0x000000000800042c       0x50 ./Startup/startup_stm32f446retx.o
                0x000000000800042c                Reset_Handler
 .text.Default_Handler
                0x000000000800047c        0x2 ./Startup/startup_stm32f446retx.o
                0x000000000800047c                RTC_Alarm_IRQHandler
                0x000000000800047c                EXTI2_IRQHandler
                0x000000000800047c                TIM8_CC_IRQHandler
                0x000000000800047c                SPDIF_Rx_IRQHandler
                0x000000000800047c                DebugMon_Handler
                0x000000000800047c                SPI4_IRQHandler
                0x000000000800047c                TIM1_CC_IRQHandler
                0x000000000800047c                QuadSPI_IRQHandler
                0x000000000800047c                DMA2_Stream5_IRQHandler
                0x000000000800047c                HardFault_Handler
                0x000000000800047c                DMA1_Stream5_IRQHandler
                0x000000000800047c                PVD_IRQHandler
                0x000000000800047c                SDIO_IRQHandler
                0x000000000800047c                TAMP_STAMP_IRQHandler
                0x000000000800047c                PendSV_Handler
                0x000000000800047c                NMI_Handler
                0x000000000800047c                CAN2_RX1_IRQHandler
                0x000000000800047c                EXTI3_IRQHandler
                0x000000000800047c                TIM8_TRG_COM_TIM14_IRQHandler
                0x000000000800047c                TIM1_UP_TIM10_IRQHandler
                0x000000000800047c                FMPI2C1_error_IRQHandler
                0x000000000800047c                TIM8_UP_TIM13_IRQHandler
                0x000000000800047c                I2C3_ER_IRQHandler
                0x000000000800047c                EXTI0_IRQHandler
                0x000000000800047c                I2C2_EV_IRQHandler
                0x000000000800047c                DMA1_Stream2_IRQHandler
                0x000000000800047c                CAN1_RX0_IRQHandler
                0x000000000800047c                FPU_IRQHandler
                0x000000000800047c                OTG_HS_WKUP_IRQHandler
                0x000000000800047c                UsageFault_Handler
                0x000000000800047c                CAN2_SCE_IRQHandler
                0x000000000800047c                DMA2_Stream2_IRQHandler
                0x000000000800047c                SPI1_IRQHandler
                0x000000000800047c                TIM6_DAC_IRQHandler
                0x000000000800047c                TIM1_BRK_TIM9_IRQHandler
                0x000000000800047c                DCMI_IRQHandler
                0x000000000800047c                CAN2_RX0_IRQHandler
                0x000000000800047c                DMA2_Stream3_IRQHandler
                0x000000000800047c                FMPI2C1_IRQHandler
                0x000000000800047c                SAI2_IRQHandler
                0x000000000800047c                USART6_IRQHandler
                0x000000000800047c                USART3_IRQHandler
                0x000000000800047c                CAN1_RX1_IRQHandler
                0x000000000800047c                UART5_IRQHandler
                0x000000000800047c                DMA2_Stream0_IRQHandler
                0x000000000800047c                TIM4_IRQHandler
                0x000000000800047c                I2C1_EV_IRQHandler
                0x000000000800047c                HDMI_CEC_IRQHandler
                0x000000000800047c                DMA1_Stream6_IRQHandler
                0x000000000800047c                DMA1_Stream1_IRQHandler
                0x000000000800047c                UART4_IRQHandler
                0x000000000800047c                TIM3_IRQHandler
                0x000000000800047c                RCC_IRQHandler
                0x000000000800047c                TIM8_BRK_TIM12_IRQHandler
                0x000000000800047c                Default_Handler
                0x000000000800047c                EXTI15_10_IRQHandler
                0x000000000800047c                ADC_IRQHandler
                0x000000000800047c                DMA1_Stream7_IRQHandler
                0x000000000800047c                TIM7_IRQHandler
                0x000000000800047c                CAN2_TX_IRQHandler
                0x000000000800047c                TIM5_IRQHandler
                0x000000000800047c                DMA2_Stream7_IRQHandler
                0x000000000800047c                I2C3_EV_IRQHandler
                0x000000000800047c                EXTI9_5_IRQHandler
                0x000000000800047c                RTC_WKUP_IRQHandler
                0x000000000800047c                SPI2_IRQHandler
                0x000000000800047c                OTG_HS_EP1_IN_IRQHandler
                0x000000000800047c                MemManage_Handler
                0x000000000800047c                DMA1_Stream0_IRQHandler
                0x000000000800047c                CAN1_TX_IRQHandler
                0x000000000800047c                SVC_Handler
                0x000000000800047c                EXTI4_IRQHandler
                0x000000000800047c                OTG_HS_EP1_OUT_IRQHandler
                0x000000000800047c                WWDG_IRQHandler
                0x000000000800047c                TIM2_IRQHandler
                0x000000000800047c                OTG_FS_WKUP_IRQHandler
                0x000000000800047c                TIM1_TRG_COM_TIM11_IRQHandler
                0x000000000800047c                OTG_HS_IRQHandler
                0x000000000800047c                EXTI1_IRQHandler
                0x000000000800047c                USART2_IRQHandler
                0x000000000800047c                I2C2_ER_IRQHandler
                0x000000000800047c                DMA2_Stream1_IRQHandler
                0x000000000800047c                CAN1_SCE_IRQHandler
                0x000000000800047c                FLASH_IRQHandler
                0x000000000800047c                DMA2_Stream4_IRQHandler
                0x000000000800047c                BusFault_Handler
                0x000000000800047c                USART1_IRQHandler
                0x000000000800047c                OTG_FS_IRQHandler
                0x000000000800047c                SPI3_IRQHandler
                0x000000000800047c                DMA1_Stream4_IRQHandler
                0x000000000800047c                I2C1_ER_IRQHandler
                0x000000000800047c                FMC_IRQHandler
                0x000000000800047c                DMA2_Stream6_IRQHandler
                0x000000000800047c                SAI1_IRQHandler
                0x000000000800047c                DMA1_Stream3_IRQHandler
 .text.SystemInit
                0x000000000800047e        0xc D:\Projekte\tellur\01_Software_ECU\CMSIS\Debug\libCMSIS.a(system_stm32f4xx.o)
                0x000000000800047e                SystemInit
 *fill*         0x000000000800048a        0x2 
 .text.SystemCoreClockUpdate
                0x000000000800048c      0x100 D:\Projekte\tellur\01_Software_ECU\CMSIS\Debug\libCMSIS.a(system_stm32f4xx.o)
                0x000000000800048c                SystemCoreClockUpdate
 .text.gpioInitPort
                0x000000000800058c       0xe4 D:\Projekte\tellur\01_Software_ECU\MCAL\Debug\libMCAL.a(mcalGPIO.o)
                0x000000000800058c                gpioInitPort
 .text.gpioSelectPinMode
                0x0000000008000670       0x4a D:\Projekte\tellur\01_Software_ECU\MCAL\Debug\libMCAL.a(mcalGPIO.o)
                0x0000000008000670                gpioSelectPinMode
 .text.gpioSetPin
                0x00000000080006ba       0x28 D:\Projekte\tellur\01_Software_ECU\MCAL\Debug\libMCAL.a(mcalGPIO.o)
                0x00000000080006ba                gpioSetPin
 .text.gpioResetPin
                0x00000000080006e2       0x2a D:\Projekte\tellur\01_Software_ECU\MCAL\Debug\libMCAL.a(mcalGPIO.o)
                0x00000000080006e2                gpioResetPin
 .text.gpioTogglePin
                0x000000000800070c       0x3a D:\Projekte\tellur\01_Software_ECU\MCAL\Debug\libMCAL.a(mcalGPIO.o)
                0x000000000800070c                gpioTogglePin
 .text.gpioSetOutputType
                0x0000000008000746       0x54 D:\Projekte\tellur\01_Software_ECU\MCAL\Debug\libMCAL.a(mcalGPIO.o)
                0x0000000008000746                gpioSetOutputType
 .text.gpioSelectPushPullType
                0x000000000800079a       0x6e D:\Projekte\tellur\01_Software_ECU\MCAL\Debug\libMCAL.a(mcalGPIO.o)
                0x000000000800079a                gpioSelectPushPullType
 .text.gpioGetPinVal
                0x0000000008000808       0x2a D:\Projekte\tellur\01_Software_ECU\MCAL\Debug\libMCAL.a(mcalGPIO.o)
                0x0000000008000808                gpioGetPinVal
 *fill*         0x0000000008000832        0x2 
 .text.__libc_init_array
                0x0000000008000834       0x48 d:/programme/stm32cubeide_1.6.1/stm32cubeide/plugins/com.st.stm32cube.ide.mcu.externaltools.gnu-tools-for-stm32.9-2020-q2-update.win32_2.0.0.202105311346/tools/bin/../lib/gcc/arm-none-eabi/9.3.1/../../../../arm-none-eabi/lib/thumb/v7e-m/nofp\libc_nano.a(lib_a-init.o)
                0x0000000008000834                __libc_init_array
 *(.glue_7)
 .glue_7        0x000000000800087c        0x0 linker stubs
 *(.glue_7t)
 .glue_7t       0x000000000800087c        0x0 linker stubs
 *(.eh_frame)
 .eh_frame      0x000000000800087c        0x0 d:/programme/stm32cubeide_1.6.1/stm32cubeide/plugins/com.st.stm32cube.ide.mcu.externaltools.gnu-tools-for-stm32.9-2020-q2-update.win32_2.0.0.202105311346/tools/bin/../lib/gcc/arm-none-eabi/9.3.1/thumb/v7e-m/nofp/crtbegin.o
 *(.init)
 .init          0x000000000800087c        0x4 d:/programme/stm32cubeide_1.6.1/stm32cubeide/plugins/com.st.stm32cube.ide.mcu.externaltools.gnu-tools-for-stm32.9-2020-q2-update.win32_2.0.0.202105311346/tools/bin/../lib/gcc/arm-none-eabi/9.3.1/thumb/v7e-m/nofp/crti.o
                0x000000000800087c                _init
 .init          0x0000000008000880        0x8 d:/programme/stm32cubeide_1.6.1/stm32cubeide/plugins/com.st.stm32cube.ide.mcu.externaltools.gnu-tools-for-stm32.9-2020-q2-update.win32_2.0.0.202105311346/tools/bin/../lib/gcc/arm-none-eabi/9.3.1/thumb/v7e-m/nofp/crtn.o
 *(.fini)
 .fini          0x0000000008000888        0x4 d:/programme/stm32cubeide_1.6.1/stm32cubeide/plugins/com.st.stm32cube.ide.mcu.externaltools.gnu-tools-for-stm32.9-2020-q2-update.win32_2.0.0.202105311346/tools/bin/../lib/gcc/arm-none-eabi/9.3.1/thumb/v7e-m/nofp/crti.o
                0x0000000008000888                _fini
 .fini          0x000000000800088c        0x8 d:/programme/stm32cubeide_1.6.1/stm32cubeide/plugins/com.st.stm32cube.ide.mcu.externaltools.gnu-tools-for-stm32.9-2020-q2-update.win32_2.0.0.202105311346/tools/bin/../lib/gcc/arm-none-eabi/9.3.1/thumb/v7e-m/nofp/crtn.o
                0x0000000008000894                . = ALIGN (0x4)
                0x0000000008000894                _etext = .

.vfp11_veneer   0x0000000008000894        0x0
 .vfp11_veneer  0x0000000008000894        0x0 linker stubs

.v4_bx          0x0000000008000894        0x0
 .v4_bx         0x0000000008000894        0x0 linker stubs

.iplt           0x0000000008000894        0x0
 .iplt          0x0000000008000894        0x0 d:/programme/stm32cubeide_1.6.1/stm32cubeide/plugins/com.st.stm32cube.ide.mcu.externaltools.gnu-tools-for-stm32.9-2020-q2-update.win32_2.0.0.202105311346/tools/bin/../lib/gcc/arm-none-eabi/9.3.1/thumb/v7e-m/nofp/crtbegin.o

.rodata         0x0000000008000894       0x10
                0x0000000008000894                . = ALIGN (0x4)
 *(.rodata)
 *(.rodata*)
 .rodata.AHBPrescTable
                0x0000000008000894       0x10 D:\Projekte\tellur\01_Software_ECU\CMSIS\Debug\libCMSIS.a(system_stm32f4xx.o)
                0x0000000008000894                AHBPrescTable
                0x00000000080008a4                . = ALIGN (0x4)

.rel.dyn        0x00000000080008a4        0x0
 .rel.iplt      0x00000000080008a4        0x0 d:/programme/stm32cubeide_1.6.1/stm32cubeide/plugins/com.st.stm32cube.ide.mcu.externaltools.gnu-tools-for-stm32.9-2020-q2-update.win32_2.0.0.202105311346/tools/bin/../lib/gcc/arm-none-eabi/9.3.1/thumb/v7e-m/nofp/crtbegin.o

.ARM.extab      0x00000000080008a4        0x0
                0x00000000080008a4                . = ALIGN (0x4)
 *(.ARM.extab* .gnu.linkonce.armextab.*)
                0x00000000080008a4                . = ALIGN (0x4)

.ARM            0x00000000080008a4        0x0
                0x00000000080008a4                . = ALIGN (0x4)
                0x00000000080008a4                __exidx_start = .
 *(.ARM.exidx*)
                0x00000000080008a4                __exidx_end = .
                0x00000000080008a4                . = ALIGN (0x4)

.preinit_array  0x00000000080008a4        0x0
                0x00000000080008a4                . = ALIGN (0x4)
                0x00000000080008a4                PROVIDE (__preinit_array_start = .)
 *(.preinit_array*)
                0x00000000080008a4                PROVIDE (__preinit_array_end = .)
                0x00000000080008a4                . = ALIGN (0x4)

.init_array     0x00000000080008a4        0x4
                0x00000000080008a4                . = ALIGN (0x4)
                0x00000000080008a4                PROVIDE (__init_array_start = .)
 *(SORT_BY_NAME(.init_array.*))
 *(.init_array*)
 .init_array    0x00000000080008a4        0x4 d:/programme/stm32cubeide_1.6.1/stm32cubeide/plugins/com.st.stm32cube.ide.mcu.externaltools.gnu-tools-for-stm32.9-2020-q2-update.win32_2.0.0.202105311346/tools/bin/../lib/gcc/arm-none-eabi/9.3.1/thumb/v7e-m/nofp/crtbegin.o
                0x00000000080008a8                PROVIDE (__init_array_end = .)
                0x00000000080008a8                . = ALIGN (0x4)

.fini_array     0x00000000080008a8        0x4
                0x00000000080008a8                . = ALIGN (0x4)
                [!provide]                        PROVIDE (__fini_array_start = .)
 *(SORT_BY_NAME(.fini_array.*))
 *(.fini_array*)
 .fini_array    0x00000000080008a8        0x4 d:/programme/stm32cubeide_1.6.1/stm32cubeide/plugins/com.st.stm32cube.ide.mcu.externaltools.gnu-tools-for-stm32.9-2020-q2-update.win32_2.0.0.202105311346/tools/bin/../lib/gcc/arm-none-eabi/9.3.1/thumb/v7e-m/nofp/crtbegin.o
                [!provide]                        PROVIDE (__fini_array_end = .)
                0x00000000080008ac                . = ALIGN (0x4)
                0x00000000080008ac                _sidata = LOADADDR (.data)

.data           0x0000000020000000        0x4 load address 0x00000000080008ac
                0x0000000020000000                . = ALIGN (0x4)
                0x0000000020000000                _sdata = .
 *(.data)
 *(.data*)
 .data.SystemCoreClock
                0x0000000020000000        0x4 D:\Projekte\tellur\01_Software_ECU\CMSIS\Debug\libCMSIS.a(system_stm32f4xx.o)
                0x0000000020000000                SystemCoreClock
 *(.RamFunc)
 *(.RamFunc*)
                0x0000000020000004                . = ALIGN (0x4)
                0x0000000020000004                _edata = .

.igot.plt       0x0000000020000004        0x0 load address 0x00000000080008b0
 .igot.plt      0x0000000020000004        0x0 d:/programme/stm32cubeide_1.6.1/stm32cubeide/plugins/com.st.stm32cube.ide.mcu.externaltools.gnu-tools-for-stm32.9-2020-q2-update.win32_2.0.0.202105311346/tools/bin/../lib/gcc/arm-none-eabi/9.3.1/thumb/v7e-m/nofp/crtbegin.o
                0x0000000020000004                . = ALIGN (0x4)

.bss            0x0000000020000004       0x30 load address 0x00000000080008b0
                0x0000000020000004                _sbss = .
                0x0000000020000004                __bss_start__ = _sbss
 *(.bss)
 .bss           0x0000000020000004       0x1c d:/programme/stm32cubeide_1.6.1/stm32cubeide/plugins/com.st.stm32cube.ide.mcu.externaltools.gnu-tools-for-stm32.9-2020-q2-update.win32_2.0.0.202105311346/tools/bin/../lib/gcc/arm-none-eabi/9.3.1/thumb/v7e-m/nofp/crtbegin.o
 *(.bss*)
 .bss.tick      0x0000000020000020        0x4 ./Src/main.o
                0x0000000020000020                tick
 .bss.pin0TimerStarted
                0x0000000020000024        0x1 ./Src/main.o
                0x0000000020000024                pin0TimerStarted
 .bss.pin1TimerStarted
                0x0000000020000025        0x1 ./Src/main.o
                0x0000000020000025                pin1TimerStarted
 *fill*         0x0000000020000026        0x2 
 .bss.pin0Timer
                0x0000000020000028        0x4 ./Src/main.o
                0x0000000020000028                pin0Timer
 .bss.pin1Timer
                0x000000002000002c        0x4 ./Src/main.o
                0x000000002000002c                pin1Timer
 .bss.timerCorrected
                0x0000000020000030        0x1 ./Src/main.o
                0x0000000020000030                timerCorrected
 *(COMMON)
                0x0000000020000034                . = ALIGN (0x4)
 *fill*         0x0000000020000031        0x3 
                0x0000000020000034                _ebss = .
                0x0000000020000034                __bss_end__ = _ebss

._user_heap_stack
                0x0000000020000034      0x604 load address 0x00000000080008b0
                0x0000000020000038                . = ALIGN (0x8)
 *fill*         0x0000000020000034        0x4 
                [!provide]                        PROVIDE (end = .)
                0x0000000020000038                PROVIDE (_end = .)
                0x0000000020000238                . = (. + _Min_Heap_Size)
 *fill*         0x0000000020000038      0x200 
                0x0000000020000638                . = (. + _Min_Stack_Size)
 *fill*         0x0000000020000238      0x400 
                0x0000000020000638                . = ALIGN (0x8)

/DISCARD/
 libc.a(*)
 libm.a(*)
 libgcc.a(*)

.ARM.attributes
                0x0000000000000000       0x2a
 *(.ARM.attributes)
 .ARM.attributes
                0x0000000000000000       0x1e d:/programme/stm32cubeide_1.6.1/stm32cubeide/plugins/com.st.stm32cube.ide.mcu.externaltools.gnu-tools-for-stm32.9-2020-q2-update.win32_2.0.0.202105311346/tools/bin/../lib/gcc/arm-none-eabi/9.3.1/thumb/v7e-m/nofp/crti.o
 .ARM.attributes
                0x000000000000001e       0x2e d:/programme/stm32cubeide_1.6.1/stm32cubeide/plugins/com.st.stm32cube.ide.mcu.externaltools.gnu-tools-for-stm32.9-2020-q2-update.win32_2.0.0.202105311346/tools/bin/../lib/gcc/arm-none-eabi/9.3.1/thumb/v7e-m/nofp/crtbegin.o
 .ARM.attributes
                0x000000000000004c       0x2e ./Src/main.o
 .ARM.attributes
                0x000000000000007a       0x21 ./Startup/startup_stm32f446retx.o
 .ARM.attributes
                0x000000000000009b       0x2e D:\Projekte\tellur\01_Software_ECU\CMSIS\Debug\libCMSIS.a(system_stm32f4xx.o)
 .ARM.attributes
                0x00000000000000c9       0x2e D:\Projekte\tellur\01_Software_ECU\MCAL\Debug\libMCAL.a(mcalGPIO.o)
 .ARM.attributes
                0x00000000000000f7       0x2e d:/programme/stm32cubeide_1.6.1/stm32cubeide/plugins/com.st.stm32cube.ide.mcu.externaltools.gnu-tools-for-stm32.9-2020-q2-update.win32_2.0.0.202105311346/tools/bin/../lib/gcc/arm-none-eabi/9.3.1/../../../../arm-none-eabi/lib/thumb/v7e-m/nofp\libc_nano.a(lib_a-init.o)
 .ARM.attributes
                0x0000000000000125       0x1e d:/programme/stm32cubeide_1.6.1/stm32cubeide/plugins/com.st.stm32cube.ide.mcu.externaltools.gnu-tools-for-stm32.9-2020-q2-update.win32_2.0.0.202105311346/tools/bin/../lib/gcc/arm-none-eabi/9.3.1/thumb/v7e-m/nofp/crtn.o
OUTPUT(photon.elf elf32-littlearm)
LOAD linker stubs
LOAD d:/programme/stm32cubeide_1.6.1/stm32cubeide/plugins/com.st.stm32cube.ide.mcu.externaltools.gnu-tools-for-stm32.9-2020-q2-update.win32_2.0.0.202105311346/tools/bin/../lib/gcc/arm-none-eabi/9.3.1/../../../../arm-none-eabi/lib/thumb/v7e-m/nofp\libc.a
LOAD d:/programme/stm32cubeide_1.6.1/stm32cubeide/plugins/com.st.stm32cube.ide.mcu.externaltools.gnu-tools-for-stm32.9-2020-q2-update.win32_2.0.0.202105311346/tools/bin/../lib/gcc/arm-none-eabi/9.3.1/../../../../arm-none-eabi/lib/thumb/v7e-m/nofp\libm.a
LOAD d:/programme/stm32cubeide_1.6.1/stm32cubeide/plugins/com.st.stm32cube.ide.mcu.externaltools.gnu-tools-for-stm32.9-2020-q2-update.win32_2.0.0.202105311346/tools/bin/../lib/gcc/arm-none-eabi/9.3.1/thumb/v7e-m/nofp\libgcc.a

.debug_info     0x0000000000000000     0x1565
 .debug_info    0x0000000000000000      0x960 ./Src/main.o
 .debug_info    0x0000000000000960       0x22 ./Startup/startup_stm32f446retx.o
 .debug_info    0x0000000000000982      0x3c3 D:\Projekte\tellur\01_Software_ECU\CMSIS\Debug\libCMSIS.a(system_stm32f4xx.o)
 .debug_info    0x0000000000000d45      0x820 D:\Projekte\tellur\01_Software_ECU\MCAL\Debug\libMCAL.a(mcalGPIO.o)

.debug_abbrev   0x0000000000000000      0x488
 .debug_abbrev  0x0000000000000000      0x1cb ./Src/main.o
 .debug_abbrev  0x00000000000001cb       0x12 ./Startup/startup_stm32f446retx.o
 .debug_abbrev  0x00000000000001dd      0x129 D:\Projekte\tellur\01_Software_ECU\CMSIS\Debug\libCMSIS.a(system_stm32f4xx.o)
 .debug_abbrev  0x0000000000000306      0x182 D:\Projekte\tellur\01_Software_ECU\MCAL\Debug\libMCAL.a(mcalGPIO.o)

.debug_aranges  0x0000000000000000      0x108
 .debug_aranges
                0x0000000000000000       0x48 ./Src/main.o
 .debug_aranges
                0x0000000000000048       0x28 ./Startup/startup_stm32f446retx.o
 .debug_aranges
                0x0000000000000070       0x28 D:\Projekte\tellur\01_Software_ECU\CMSIS\Debug\libCMSIS.a(system_stm32f4xx.o)
 .debug_aranges
                0x0000000000000098       0x70 D:\Projekte\tellur\01_Software_ECU\MCAL\Debug\libMCAL.a(mcalGPIO.o)

.debug_ranges   0x0000000000000000       0xd0
 .debug_ranges  0x0000000000000000       0x38 ./Src/main.o
 .debug_ranges  0x0000000000000038       0x20 ./Startup/startup_stm32f446retx.o
 .debug_ranges  0x0000000000000058       0x18 D:\Projekte\tellur\01_Software_ECU\CMSIS\Debug\libCMSIS.a(system_stm32f4xx.o)
 .debug_ranges  0x0000000000000070       0x60 D:\Projekte\tellur\01_Software_ECU\MCAL\Debug\libMCAL.a(mcalGPIO.o)

.debug_macro    0x0000000000000000    0x196e6
 .debug_macro   0x0000000000000000       0xe7 ./Src/main.o
 .debug_macro   0x00000000000000e7      0xaa2 ./Src/main.o
 .debug_macro   0x0000000000000b89       0x22 ./Src/main.o
 .debug_macro   0x0000000000000bab       0x8e ./Src/main.o
 .debug_macro   0x0000000000000c39       0x51 ./Src/main.o
 .debug_macro   0x0000000000000c8a      0x103 ./Src/main.o
 .debug_macro   0x0000000000000d8d       0x6a ./Src/main.o
 .debug_macro   0x0000000000000df7      0x1df ./Src/main.o
 .debug_macro   0x0000000000000fd6       0x22 ./Src/main.o
 .debug_macro   0x0000000000000ff8       0x2e ./Src/main.o
 .debug_macro   0x0000000000001026       0x28 ./Src/main.o
 .debug_macro   0x000000000000104e       0x1c ./Src/main.o
 .debug_macro   0x000000000000106a       0x22 ./Src/main.o
 .debug_macro   0x000000000000108c       0xdf ./Src/main.o
 .debug_macro   0x000000000000116b     0x102d ./Src/main.o
 .debug_macro   0x0000000000002198      0x11f ./Src/main.o
 .debug_macro   0x00000000000022b7    0x16749 ./Src/main.o
 .debug_macro   0x0000000000018a00       0x6d ./Src/main.o
 .debug_macro   0x0000000000018a6d       0xda D:\Projekte\tellur\01_Software_ECU\CMSIS\Debug\libCMSIS.a(system_stm32f4xx.o)
 .debug_macro   0x0000000000018b47      0xa8a D:\Projekte\tellur\01_Software_ECU\CMSIS\Debug\libCMSIS.a(system_stm32f4xx.o)
 .debug_macro   0x00000000000195d1       0x34 D:\Projekte\tellur\01_Software_ECU\CMSIS\Debug\libCMSIS.a(system_stm32f4xx.o)
 .debug_macro   0x0000000000019605       0xe1 D:\Projekte\tellur\01_Software_ECU\MCAL\Debug\libMCAL.a(mcalGPIO.o)

.debug_line     0x0000000000000000     0x1350
 .debug_line    0x0000000000000000      0x636 ./Src/main.o
 .debug_line    0x0000000000000636       0x84 ./Startup/startup_stm32f446retx.o
 .debug_line    0x00000000000006ba      0x555 D:\Projekte\tellur\01_Software_ECU\CMSIS\Debug\libCMSIS.a(system_stm32f4xx.o)
 .debug_line    0x0000000000000c0f      0x741 D:\Projekte\tellur\01_Software_ECU\MCAL\Debug\libMCAL.a(mcalGPIO.o)

.debug_str      0x0000000000000000    0x8b7bd
 .debug_str     0x0000000000000000    0x8b417 ./Src/main.o
                                      0x8b5e9 (size before relaxing)
 .debug_str     0x000000000008b417       0x31 ./Startup/startup_stm32f446retx.o
                                         0x61 (size before relaxing)
 .debug_str     0x000000000008b448      0x1d7 D:\Projekte\tellur\01_Software_ECU\CMSIS\Debug\libCMSIS.a(system_stm32f4xx.o)
                                      0x8af83 (size before relaxing)
 .debug_str     0x000000000008b61f      0x19e D:\Projekte\tellur\01_Software_ECU\MCAL\Debug\libMCAL.a(mcalGPIO.o)
                                      0x8b19a (size before relaxing)

.comment        0x0000000000000000       0x53
 .comment       0x0000000000000000       0x53 ./Src/main.o
                                         0x54 (size before relaxing)
 .comment       0x0000000000000053       0x54 D:\Projekte\tellur\01_Software_ECU\CMSIS\Debug\libCMSIS.a(system_stm32f4xx.o)
 .comment       0x0000000000000053       0x54 D:\Projekte\tellur\01_Software_ECU\MCAL\Debug\libMCAL.a(mcalGPIO.o)

.debug_frame    0x0000000000000000      0x31c
 .debug_frame   0x0000000000000000       0xd8 ./Src/main.o
 .debug_frame   0x00000000000000d8       0x58 D:\Projekte\tellur\01_Software_ECU\CMSIS\Debug\libCMSIS.a(system_stm32f4xx.o)
 .debug_frame   0x0000000000000130      0x1c0 D:\Projekte\tellur\01_Software_ECU\MCAL\Debug\libMCAL.a(mcalGPIO.o)
 .debug_frame   0x00000000000002f0       0x2c d:/programme/stm32cubeide_1.6.1/stm32cubeide/plugins/com.st.stm32cube.ide.mcu.externaltools.gnu-tools-for-stm32.9-2020-q2-update.win32_2.0.0.202105311346/tools/bin/../lib/gcc/arm-none-eabi/9.3.1/../../../../arm-none-eabi/lib/thumb/v7e-m/nofp\libc_nano.a(lib_a-init.o)
