../Core/Src/main.c:86:5:main	104	static
../Core/Src/main.c:206:6:SystemClock_Config	88	static
../Core/Src/main.c:253:13:MX_TIM2_Init	48	static
../Core/Src/main.c:314:13:MX_TIM3_Init	48	static
../Core/Src/main.c:372:13:MX_TIM11_Init	40	static
../Core/Src/main.c:418:13:MX_TIM12_Init	40	static
../Core/Src/main.c:464:13:MX_TIM13_Init	8	static
../Core/Src/main.c:495:13:MX_TIM14_Init	8	static
../Core/Src/main.c:526:13:MX_USART3_UART_Init	8	static
../Core/Src/main.c:559:13:MX_GPIO_Init	48	static
../Core/Src/main.c:582:6:HAL_TIM_PWM_PulseFinishedCallback	24	static
../Core/Src/main.c:602:6:HAL_TIM_IC_CaptureHalfCpltCallback	24	static
../Core/Src/main.c:608:6:HAL_TIM_PeriodElapsedCallback	24	static
../Core/Src/main.c:632:6:HAL_TIM_IC_CaptureCallback	16	static
../Core/Src/main.c:642:6:Error_Handler	4	static,ignoring_inline_asm
