../Src/mcalTimer/commonCapComp.c:36:21:timerSetCaptureCompareChannelMapping	16	static
../Src/mcalTimer/commonCapComp.c:182:21:timerGetCaptureCompareChannelMapping	24	static
../Src/mcalTimer/commonCapComp.c:236:21:timerEnableCaptureCompareChannel	16	static
../Src/mcalTimer/commonCapComp.c:287:21:timerDisableCaptureCompareChannel	16	static
../Src/mcalTimer/commonCapComp.c:341:21:timerEnableCaptureCompareComplementaryChannel	16	static
../Src/mcalTimer/commonCapComp.c:395:21:timerDisableCaptureCompareComplementaryChannel	16	static
../Src/mcalTimer/commonCapComp.c:450:21:timerSetCaptureCompareOutputActiveLevel	16	static
../Src/mcalTimer/commonCapComp.c:534:21:timerSetCaptureCompareComplementaryPinActiveLevel	16	static
../Src/mcalTimer/commonCapComp.c:608:21:timerSetCaptureComparePreloadValue	24	static
../Src/mcalTimer/commonCapComp.c:663:21:timerGetCaptureComparePreloadValue	24	static
../Src/mcalTimer/commonCapComp.c:716:21:timerSetCaptureComparePreloadCtrlBits	16	static
../Src/mcalTimer/commonCapComp.c:763:24:timerUpdateCaptureCompareCtrlBits	16	static
../Src/mcalTimer/commonCapComp.c:813:21:timerSetCaptureCompareIdleStateOutput	16	static
../Src/mcalTimer/commonCapComp.c:929:21:timerSetCaptureCompareClkRatio	16	static
